<!doctype html public "-//w3c//dtd html 4.0 transitional//en">
<html><head>
<title>Static Call Graph - [.\Objects\Project.axf]</title></head>
<body><HR>
<H1>Static Call Graph for image .\Objects\Project.axf</H1><HR>
<BR><P>#&#060CALLGRAPH&#062# ARM Linker, 6160001: Last Updated: Mon May 30 09:37:01 2022
<BR><P>
<H3>Maximum Stack Usage =        236 bytes + Unknown(Functions without stacksize, Cycles, Untraceable Function Pointers)</H3><H3>
Call chain for Maximum Stack Depth:</H3>
__rt_entry_main &rArr; main &rArr; game_over_pacman &rArr; GLCD_writeLetter &rArr; GLCD_data_write &rArr; SPI0_write
<P>
<H3>
Functions with no stack information
</H3><UL>
 <LI><a href="#[29]">__user_initial_stackheap</a>
</UL>
</UL>
<P>
<H3>
Mutually Recursive functions
</H3> <LI><a href="#[1]">NMI_Handler</a>&nbsp;&nbsp;&nbsp;&rArr;&nbsp;&nbsp;&nbsp;<a href="#[1]">NMI_Handler</a><BR>
 <LI><a href="#[2]">HardFault_Handler</a>&nbsp;&nbsp;&nbsp;&rArr;&nbsp;&nbsp;&nbsp;<a href="#[2]">HardFault_Handler</a><BR>
 <LI><a href="#[3]">SVC_Handler</a>&nbsp;&nbsp;&nbsp;&rArr;&nbsp;&nbsp;&nbsp;<a href="#[3]">SVC_Handler</a><BR>
 <LI><a href="#[4]">PendSV_Handler</a>&nbsp;&nbsp;&nbsp;&rArr;&nbsp;&nbsp;&nbsp;<a href="#[4]">PendSV_Handler</a><BR>
 <LI><a href="#[5]">SysTick_Handler</a>&nbsp;&nbsp;&nbsp;&rArr;&nbsp;&nbsp;&nbsp;<a href="#[5]">SysTick_Handler</a><BR>
</UL>
<P>
<H3>
Function Pointers
</H3><UL>
 <LI><a href="#[15]">ADC0_IRQHandler</a> from startup_mkl25z4.o(.text) referenced from startup_mkl25z4.o(RESET)
 <LI><a href="#[16]">CMP0_IRQHandler</a> from startup_mkl25z4.o(.text) referenced from startup_mkl25z4.o(RESET)
 <LI><a href="#[1f]">DAC0_IRQHandler</a> from startup_mkl25z4.o(.text) referenced from startup_mkl25z4.o(RESET)
 <LI><a href="#[6]">DMA0_IRQHandler</a> from startup_mkl25z4.o(.text) referenced from startup_mkl25z4.o(RESET)
 <LI><a href="#[7]">DMA1_IRQHandler</a> from startup_mkl25z4.o(.text) referenced from startup_mkl25z4.o(RESET)
 <LI><a href="#[8]">DMA2_IRQHandler</a> from startup_mkl25z4.o(.text) referenced from startup_mkl25z4.o(RESET)
 <LI><a href="#[9]">DMA3_IRQHandler</a> from startup_mkl25z4.o(.text) referenced from startup_mkl25z4.o(RESET)
 <LI><a href="#[28]">DefaultISR</a> from startup_mkl25z4.o(.text) referenced from startup_mkl25z4.o(.text)
 <LI><a href="#[b]">FTFA_IRQHandler</a> from startup_mkl25z4.o(.text) referenced from startup_mkl25z4.o(RESET)
 <LI><a href="#[2]">HardFault_Handler</a> from startup_mkl25z4.o(.text) referenced from startup_mkl25z4.o(RESET)
 <LI><a href="#[e]">I2C0_IRQHandler</a> from startup_mkl25z4.o(.text) referenced from startup_mkl25z4.o(RESET)
 <LI><a href="#[f]">I2C1_IRQHandler</a> from startup_mkl25z4.o(.text) referenced from startup_mkl25z4.o(RESET)
 <LI><a href="#[d]">LLWU_IRQHandler</a> from startup_mkl25z4.o(.text) referenced from startup_mkl25z4.o(RESET)
 <LI><a href="#[22]">LPTMR0_IRQHandler</a> from startup_mkl25z4.o(.text) referenced from startup_mkl25z4.o(RESET)
 <LI><a href="#[c]">LVD_LVW_IRQHandler</a> from startup_mkl25z4.o(.text) referenced from startup_mkl25z4.o(RESET)
 <LI><a href="#[21]">MCG_IRQHandler</a> from startup_mkl25z4.o(.text) referenced from startup_mkl25z4.o(RESET)
 <LI><a href="#[1]">NMI_Handler</a> from startup_mkl25z4.o(.text) referenced from startup_mkl25z4.o(RESET)
 <LI><a href="#[1c]">PIT_IRQHandler</a> from startup_mkl25z4.o(.text) referenced from startup_mkl25z4.o(RESET)
 <LI><a href="#[24]">PORTA_IRQHandler</a> from startup_mkl25z4.o(.text) referenced from startup_mkl25z4.o(RESET)
 <LI><a href="#[25]">PORTD_IRQHandler</a> from startup_mkl25z4.o(.text) referenced from startup_mkl25z4.o(RESET)
 <LI><a href="#[4]">PendSV_Handler</a> from startup_mkl25z4.o(.text) referenced from startup_mkl25z4.o(RESET)
 <LI><a href="#[1a]">RTC_IRQHandler</a> from startup_mkl25z4.o(.text) referenced from startup_mkl25z4.o(RESET)
 <LI><a href="#[1b]">RTC_Seconds_IRQHandler</a> from startup_mkl25z4.o(.text) referenced from startup_mkl25z4.o(RESET)
 <LI><a href="#[a]">Reserved20_IRQHandler</a> from startup_mkl25z4.o(.text) referenced from startup_mkl25z4.o(RESET)
 <LI><a href="#[1d]">Reserved39_IRQHandler</a> from startup_mkl25z4.o(.text) referenced from startup_mkl25z4.o(RESET)
 <LI><a href="#[23]">Reserved45_IRQHandler</a> from startup_mkl25z4.o(.text) referenced from startup_mkl25z4.o(RESET)
 <LI><a href="#[0]">Reset_Handler</a> from startup_mkl25z4.o(.text) referenced from startup_mkl25z4.o(RESET)
 <LI><a href="#[10]">SPI0_IRQHandler</a> from startup_mkl25z4.o(.text) referenced from startup_mkl25z4.o(RESET)
 <LI><a href="#[11]">SPI1_IRQHandler</a> from startup_mkl25z4.o(.text) referenced from startup_mkl25z4.o(RESET)
 <LI><a href="#[3]">SVC_Handler</a> from startup_mkl25z4.o(.text) referenced from startup_mkl25z4.o(RESET)
 <LI><a href="#[5]">SysTick_Handler</a> from startup_mkl25z4.o(.text) referenced from startup_mkl25z4.o(RESET)
 <LI><a href="#[26]">SystemInit</a> from system_mkl25z4.o(.text.SystemInit) referenced from startup_mkl25z4.o(.text)
 <LI><a href="#[17]">TPM0_IRQHandler</a> from startup_mkl25z4.o(.text) referenced from startup_mkl25z4.o(RESET)
 <LI><a href="#[18]">TPM1_IRQHandler</a> from startup_mkl25z4.o(.text) referenced from startup_mkl25z4.o(RESET)
 <LI><a href="#[19]">TPM2_IRQHandler</a> from startup_mkl25z4.o(.text) referenced from startup_mkl25z4.o(RESET)
 <LI><a href="#[20]">TSI0_IRQHandler</a> from startup_mkl25z4.o(.text) referenced from startup_mkl25z4.o(RESET)
 <LI><a href="#[12]">UART0_IRQHandler</a> from startup_mkl25z4.o(.text) referenced from startup_mkl25z4.o(RESET)
 <LI><a href="#[13]">UART1_IRQHandler</a> from startup_mkl25z4.o(.text) referenced from startup_mkl25z4.o(RESET)
 <LI><a href="#[14]">UART2_IRQHandler</a> from startup_mkl25z4.o(.text) referenced from startup_mkl25z4.o(RESET)
 <LI><a href="#[1e]">USB0_IRQHandler</a> from startup_mkl25z4.o(.text) referenced from startup_mkl25z4.o(RESET)
 <LI><a href="#[27]">__main</a> from __main.o(!!!main) referenced from startup_mkl25z4.o(.text)
</UL>
<P>
<H3>
Global Symbols
</H3>
<P><STRONG><a name="[27]"></a>__main</STRONG> (Thumb, 8 bytes, Stack size 0 bytes, __main.o(!!!main))
<BR><BR>[Calls]<UL><LI><a href="#[2b]">&gt;&gt;</a>&nbsp;&nbsp;&nbsp;__rt_entry
<LI><a href="#[2a]">&gt;&gt;</a>&nbsp;&nbsp;&nbsp;__scatterload
</UL>
<BR>[Address Reference Count : 1]<UL><LI> startup_mkl25z4.o(.text)
</UL>
<P><STRONG><a name="[2a]"></a>__scatterload</STRONG> (Thumb, 0 bytes, Stack size unknown bytes, __scatter.o(!!!scatter))
<BR><BR>[Called By]<UL><LI><a href="#[27]">&gt;&gt;</a>&nbsp;&nbsp;&nbsp;__main
</UL>

<P><STRONG><a name="[2c]"></a>__scatterload_rt2</STRONG> (Thumb, 52 bytes, Stack size unknown bytes, __scatter.o(!!!scatter), UNUSED)
<BR><BR>[Calls]<UL><LI><a href="#[2b]">&gt;&gt;</a>&nbsp;&nbsp;&nbsp;__rt_entry
</UL>

<P><STRONG><a name="[56]"></a>__scatterload_rt2_thumb_only</STRONG> (Thumb, 0 bytes, Stack size unknown bytes, __scatter.o(!!!scatter), UNUSED)

<P><STRONG><a name="[57]"></a>__scatterload_null</STRONG> (Thumb, 0 bytes, Stack size unknown bytes, __scatter.o(!!!scatter), UNUSED)

<P><STRONG><a name="[58]"></a>__scatterload_zeroinit</STRONG> (Thumb, 28 bytes, Stack size unknown bytes, __scatter_zi.o(!!handler_zi), UNUSED)

<P><STRONG><a name="[32]"></a>__rt_lib_init</STRONG> (Thumb, 0 bytes, Stack size unknown bytes, libinit.o(.ARM.Collect$$libinit$$00000000))
<BR><BR>[Called By]<UL><LI><a href="#[31]">&gt;&gt;</a>&nbsp;&nbsp;&nbsp;__rt_entry_li
</UL>

<P><STRONG><a name="[59]"></a>__rt_lib_init_fp_1</STRONG> (Thumb, 0 bytes, Stack size unknown bytes, libinit2.o(.ARM.Collect$$libinit$$00000002))

<P><STRONG><a name="[5a]"></a>__rt_lib_init_heap_1</STRONG> (Thumb, 0 bytes, Stack size unknown bytes, libinit2.o(.ARM.Collect$$libinit$$0000000A))

<P><STRONG><a name="[5b]"></a>__rt_lib_init_preinit_1</STRONG> (Thumb, 0 bytes, Stack size unknown bytes, libinit2.o(.ARM.Collect$$libinit$$00000004))

<P><STRONG><a name="[2d]"></a>__rt_lib_init_rand_2</STRONG> (Thumb, 0 bytes, Stack size unknown bytes, libinit2.o(.ARM.Collect$$libinit$$0000000D))
<BR><BR>[Stack]<UL><LI>Max Depth = 12 + Unknown Stack Size
<LI>Call Chain = __rt_lib_init_rand_2 &rArr; _rand_init &rArr; srand
</UL>
<BR>[Calls]<UL><LI><a href="#[2e]">&gt;&gt;</a>&nbsp;&nbsp;&nbsp;_rand_init
</UL>

<P><STRONG><a name="[5c]"></a>__rt_lib_init_user_alloc_1</STRONG> (Thumb, 0 bytes, Stack size unknown bytes, libinit2.o(.ARM.Collect$$libinit$$0000000C))

<P><STRONG><a name="[5d]"></a>__rt_lib_init_alloca_1</STRONG> (Thumb, 0 bytes, Stack size unknown bytes, libinit2.o(.ARM.Collect$$libinit$$0000002E))

<P><STRONG><a name="[5e]"></a>__rt_lib_init_argv_1</STRONG> (Thumb, 0 bytes, Stack size unknown bytes, libinit2.o(.ARM.Collect$$libinit$$0000002C))

<P><STRONG><a name="[5f]"></a>__rt_lib_init_atexit_1</STRONG> (Thumb, 0 bytes, Stack size unknown bytes, libinit2.o(.ARM.Collect$$libinit$$0000001B))

<P><STRONG><a name="[60]"></a>__rt_lib_init_clock_1</STRONG> (Thumb, 0 bytes, Stack size unknown bytes, libinit2.o(.ARM.Collect$$libinit$$00000021))

<P><STRONG><a name="[61]"></a>__rt_lib_init_cpp_1</STRONG> (Thumb, 0 bytes, Stack size unknown bytes, libinit2.o(.ARM.Collect$$libinit$$00000032))

<P><STRONG><a name="[62]"></a>__rt_lib_init_exceptions_1</STRONG> (Thumb, 0 bytes, Stack size unknown bytes, libinit2.o(.ARM.Collect$$libinit$$00000030))

<P><STRONG><a name="[63]"></a>__rt_lib_init_fp_trap_1</STRONG> (Thumb, 0 bytes, Stack size unknown bytes, libinit2.o(.ARM.Collect$$libinit$$0000001F))

<P><STRONG><a name="[64]"></a>__rt_lib_init_getenv_1</STRONG> (Thumb, 0 bytes, Stack size unknown bytes, libinit2.o(.ARM.Collect$$libinit$$00000023))

<P><STRONG><a name="[65]"></a>__rt_lib_init_lc_collate_1</STRONG> (Thumb, 0 bytes, Stack size unknown bytes, libinit2.o(.ARM.Collect$$libinit$$00000011))

<P><STRONG><a name="[66]"></a>__rt_lib_init_lc_ctype_1</STRONG> (Thumb, 0 bytes, Stack size unknown bytes, libinit2.o(.ARM.Collect$$libinit$$00000013))

<P><STRONG><a name="[67]"></a>__rt_lib_init_lc_monetary_1</STRONG> (Thumb, 0 bytes, Stack size unknown bytes, libinit2.o(.ARM.Collect$$libinit$$00000015))

<P><STRONG><a name="[68]"></a>__rt_lib_init_lc_numeric_1</STRONG> (Thumb, 0 bytes, Stack size unknown bytes, libinit2.o(.ARM.Collect$$libinit$$00000017))

<P><STRONG><a name="[69]"></a>__rt_lib_init_lc_time_1</STRONG> (Thumb, 0 bytes, Stack size unknown bytes, libinit2.o(.ARM.Collect$$libinit$$00000019))

<P><STRONG><a name="[6a]"></a>__rt_lib_init_rand_1</STRONG> (Thumb, 0 bytes, Stack size unknown bytes, libinit2.o(.ARM.Collect$$libinit$$0000000E))

<P><STRONG><a name="[6b]"></a>__rt_lib_init_return</STRONG> (Thumb, 0 bytes, Stack size unknown bytes, libinit2.o(.ARM.Collect$$libinit$$00000033))

<P><STRONG><a name="[6c]"></a>__rt_lib_init_signal_1</STRONG> (Thumb, 0 bytes, Stack size unknown bytes, libinit2.o(.ARM.Collect$$libinit$$0000001D))

<P><STRONG><a name="[6d]"></a>__rt_lib_init_stdio_1</STRONG> (Thumb, 0 bytes, Stack size unknown bytes, libinit2.o(.ARM.Collect$$libinit$$00000025))

<P><STRONG><a name="[37]"></a>__rt_lib_shutdown</STRONG> (Thumb, 0 bytes, Stack size unknown bytes, libshutdown.o(.ARM.Collect$$libshutdown$$00000000))
<BR><BR>[Called By]<UL><LI><a href="#[36]">&gt;&gt;</a>&nbsp;&nbsp;&nbsp;__rt_exit_ls
</UL>

<P><STRONG><a name="[6e]"></a>__rt_lib_shutdown_cpp_1</STRONG> (Thumb, 0 bytes, Stack size unknown bytes, libshutdown2.o(.ARM.Collect$$libshutdown$$00000002))

<P><STRONG><a name="[6f]"></a>__rt_lib_shutdown_fp_trap_1</STRONG> (Thumb, 0 bytes, Stack size unknown bytes, libshutdown2.o(.ARM.Collect$$libshutdown$$00000007))

<P><STRONG><a name="[70]"></a>__rt_lib_shutdown_heap_1</STRONG> (Thumb, 0 bytes, Stack size unknown bytes, libshutdown2.o(.ARM.Collect$$libshutdown$$0000000F))

<P><STRONG><a name="[71]"></a>__rt_lib_shutdown_return</STRONG> (Thumb, 0 bytes, Stack size unknown bytes, libshutdown2.o(.ARM.Collect$$libshutdown$$00000010))

<P><STRONG><a name="[72]"></a>__rt_lib_shutdown_signal_1</STRONG> (Thumb, 0 bytes, Stack size unknown bytes, libshutdown2.o(.ARM.Collect$$libshutdown$$0000000A))

<P><STRONG><a name="[73]"></a>__rt_lib_shutdown_stdio_1</STRONG> (Thumb, 0 bytes, Stack size unknown bytes, libshutdown2.o(.ARM.Collect$$libshutdown$$00000004))

<P><STRONG><a name="[74]"></a>__rt_lib_shutdown_user_alloc_1</STRONG> (Thumb, 0 bytes, Stack size unknown bytes, libshutdown2.o(.ARM.Collect$$libshutdown$$0000000C))

<P><STRONG><a name="[2b]"></a>__rt_entry</STRONG> (Thumb, 0 bytes, Stack size unknown bytes, __rtentry.o(.ARM.Collect$$rtentry$$00000000))
<BR><BR>[Called By]<UL><LI><a href="#[27]">&gt;&gt;</a>&nbsp;&nbsp;&nbsp;__main
<LI><a href="#[2c]">&gt;&gt;</a>&nbsp;&nbsp;&nbsp;__scatterload_rt2
</UL>

<P><STRONG><a name="[75]"></a>__rt_entry_presh_1</STRONG> (Thumb, 0 bytes, Stack size unknown bytes, __rtentry2.o(.ARM.Collect$$rtentry$$00000002))

<P><STRONG><a name="[2f]"></a>__rt_entry_sh</STRONG> (Thumb, 0 bytes, Stack size unknown bytes, __rtentry4.o(.ARM.Collect$$rtentry$$00000004))
<BR><BR>[Stack]<UL><LI>Max Depth = 8 + Unknown Stack Size
<LI>Call Chain = __rt_entry_sh &rArr; __user_setup_stackheap
</UL>
<BR>[Calls]<UL><LI><a href="#[30]">&gt;&gt;</a>&nbsp;&nbsp;&nbsp;__user_setup_stackheap
</UL>

<P><STRONG><a name="[31]"></a>__rt_entry_li</STRONG> (Thumb, 0 bytes, Stack size unknown bytes, __rtentry2.o(.ARM.Collect$$rtentry$$0000000A))
<BR><BR>[Calls]<UL><LI><a href="#[32]">&gt;&gt;</a>&nbsp;&nbsp;&nbsp;__rt_lib_init
</UL>

<P><STRONG><a name="[76]"></a>__rt_entry_postsh_1</STRONG> (Thumb, 0 bytes, Stack size unknown bytes, __rtentry2.o(.ARM.Collect$$rtentry$$00000009))

<P><STRONG><a name="[33]"></a>__rt_entry_main</STRONG> (Thumb, 0 bytes, Stack size unknown bytes, __rtentry2.o(.ARM.Collect$$rtentry$$0000000D))
<BR><BR>[Stack]<UL><LI>Max Depth = 236 + Unknown Stack Size
<LI>Call Chain = __rt_entry_main &rArr; main &rArr; game_over_pacman &rArr; GLCD_writeLetter &rArr; GLCD_data_write &rArr; SPI0_write
</UL>
<BR>[Calls]<UL><LI><a href="#[34]">&gt;&gt;</a>&nbsp;&nbsp;&nbsp;main
<LI><a href="#[35]">&gt;&gt;</a>&nbsp;&nbsp;&nbsp;exit
</UL>

<P><STRONG><a name="[77]"></a>__rt_entry_postli_1</STRONG> (Thumb, 0 bytes, Stack size unknown bytes, __rtentry2.o(.ARM.Collect$$rtentry$$0000000C))

<P><STRONG><a name="[3d]"></a>__rt_exit</STRONG> (Thumb, 0 bytes, Stack size unknown bytes, rtexit.o(.ARM.Collect$$rtexit$$00000000))
<BR><BR>[Called By]<UL><LI><a href="#[35]">&gt;&gt;</a>&nbsp;&nbsp;&nbsp;exit
</UL>

<P><STRONG><a name="[36]"></a>__rt_exit_ls</STRONG> (Thumb, 0 bytes, Stack size unknown bytes, rtexit2.o(.ARM.Collect$$rtexit$$00000003))
<BR><BR>[Calls]<UL><LI><a href="#[37]">&gt;&gt;</a>&nbsp;&nbsp;&nbsp;__rt_lib_shutdown
</UL>

<P><STRONG><a name="[78]"></a>__rt_exit_prels_1</STRONG> (Thumb, 0 bytes, Stack size unknown bytes, rtexit2.o(.ARM.Collect$$rtexit$$00000002))

<P><STRONG><a name="[38]"></a>__rt_exit_exit</STRONG> (Thumb, 0 bytes, Stack size unknown bytes, rtexit2.o(.ARM.Collect$$rtexit$$00000004))
<BR><BR>[Calls]<UL><LI><a href="#[39]">&gt;&gt;</a>&nbsp;&nbsp;&nbsp;_sys_exit
</UL>

<P><STRONG><a name="[54]"></a>rand</STRONG> (Thumb, 52 bytes, Stack size 0 bytes, rand.o(.emb_text))
<BR><BR>[Called By]<UL><LI><a href="#[34]">&gt;&gt;</a>&nbsp;&nbsp;&nbsp;main
</UL>

<P><STRONG><a name="[0]"></a>Reset_Handler</STRONG> (Thumb, 12 bytes, Stack size 0 bytes, startup_mkl25z4.o(.text))
<BR>[Address Reference Count : 1]<UL><LI> startup_mkl25z4.o(RESET)
</UL>
<P><STRONG><a name="[1]"></a>NMI_Handler</STRONG> (Thumb, 2 bytes, Stack size 0 bytes, startup_mkl25z4.o(.text))
<BR><BR>[Calls]<UL><LI><a href="#[1]">&gt;&gt;</a>&nbsp;&nbsp;&nbsp;NMI_Handler
</UL>
<BR>[Called By]<UL><LI><a href="#[1]">&gt;&gt;</a>&nbsp;&nbsp;&nbsp;NMI_Handler
</UL>
<BR>[Address Reference Count : 1]<UL><LI> startup_mkl25z4.o(RESET)
</UL>
<P><STRONG><a name="[2]"></a>HardFault_Handler</STRONG> (Thumb, 2 bytes, Stack size 0 bytes, startup_mkl25z4.o(.text))
<BR><BR>[Calls]<UL><LI><a href="#[2]">&gt;&gt;</a>&nbsp;&nbsp;&nbsp;HardFault_Handler
</UL>
<BR>[Called By]<UL><LI><a href="#[2]">&gt;&gt;</a>&nbsp;&nbsp;&nbsp;HardFault_Handler
</UL>
<BR>[Address Reference Count : 1]<UL><LI> startup_mkl25z4.o(RESET)
</UL>
<P><STRONG><a name="[3]"></a>SVC_Handler</STRONG> (Thumb, 2 bytes, Stack size 0 bytes, startup_mkl25z4.o(.text))
<BR><BR>[Calls]<UL><LI><a href="#[3]">&gt;&gt;</a>&nbsp;&nbsp;&nbsp;SVC_Handler
</UL>
<BR>[Called By]<UL><LI><a href="#[3]">&gt;&gt;</a>&nbsp;&nbsp;&nbsp;SVC_Handler
</UL>
<BR>[Address Reference Count : 1]<UL><LI> startup_mkl25z4.o(RESET)
</UL>
<P><STRONG><a name="[4]"></a>PendSV_Handler</STRONG> (Thumb, 2 bytes, Stack size 0 bytes, startup_mkl25z4.o(.text))
<BR><BR>[Calls]<UL><LI><a href="#[4]">&gt;&gt;</a>&nbsp;&nbsp;&nbsp;PendSV_Handler
</UL>
<BR>[Called By]<UL><LI><a href="#[4]">&gt;&gt;</a>&nbsp;&nbsp;&nbsp;PendSV_Handler
</UL>
<BR>[Address Reference Count : 1]<UL><LI> startup_mkl25z4.o(RESET)
</UL>
<P><STRONG><a name="[5]"></a>SysTick_Handler</STRONG> (Thumb, 2 bytes, Stack size 0 bytes, startup_mkl25z4.o(.text))
<BR><BR>[Calls]<UL><LI><a href="#[5]">&gt;&gt;</a>&nbsp;&nbsp;&nbsp;SysTick_Handler
</UL>
<BR>[Called By]<UL><LI><a href="#[5]">&gt;&gt;</a>&nbsp;&nbsp;&nbsp;SysTick_Handler
</UL>
<BR>[Address Reference Count : 1]<UL><LI> startup_mkl25z4.o(RESET)
</UL>
<P><STRONG><a name="[15]"></a>ADC0_IRQHandler</STRONG> (Thumb, 0 bytes, Stack size 0 bytes, startup_mkl25z4.o(.text))
<BR>[Address Reference Count : 1]<UL><LI> startup_mkl25z4.o(RESET)
</UL>
<P><STRONG><a name="[16]"></a>CMP0_IRQHandler</STRONG> (Thumb, 0 bytes, Stack size 0 bytes, startup_mkl25z4.o(.text))
<BR>[Address Reference Count : 1]<UL><LI> startup_mkl25z4.o(RESET)
</UL>
<P><STRONG><a name="[1f]"></a>DAC0_IRQHandler</STRONG> (Thumb, 0 bytes, Stack size 0 bytes, startup_mkl25z4.o(.text))
<BR>[Address Reference Count : 1]<UL><LI> startup_mkl25z4.o(RESET)
</UL>
<P><STRONG><a name="[6]"></a>DMA0_IRQHandler</STRONG> (Thumb, 0 bytes, Stack size 0 bytes, startup_mkl25z4.o(.text))
<BR>[Address Reference Count : 1]<UL><LI> startup_mkl25z4.o(RESET)
</UL>
<P><STRONG><a name="[7]"></a>DMA1_IRQHandler</STRONG> (Thumb, 0 bytes, Stack size 0 bytes, startup_mkl25z4.o(.text))
<BR>[Address Reference Count : 1]<UL><LI> startup_mkl25z4.o(RESET)
</UL>
<P><STRONG><a name="[8]"></a>DMA2_IRQHandler</STRONG> (Thumb, 0 bytes, Stack size 0 bytes, startup_mkl25z4.o(.text))
<BR>[Address Reference Count : 1]<UL><LI> startup_mkl25z4.o(RESET)
</UL>
<P><STRONG><a name="[9]"></a>DMA3_IRQHandler</STRONG> (Thumb, 0 bytes, Stack size 0 bytes, startup_mkl25z4.o(.text))
<BR>[Address Reference Count : 1]<UL><LI> startup_mkl25z4.o(RESET)
</UL>
<P><STRONG><a name="[28]"></a>DefaultISR</STRONG> (Thumb, 0 bytes, Stack size 0 bytes, startup_mkl25z4.o(.text))
<BR>[Address Reference Count : 1]<UL><LI> startup_mkl25z4.o(.text)
</UL>
<P><STRONG><a name="[b]"></a>FTFA_IRQHandler</STRONG> (Thumb, 0 bytes, Stack size 0 bytes, startup_mkl25z4.o(.text))
<BR>[Address Reference Count : 1]<UL><LI> startup_mkl25z4.o(RESET)
</UL>
<P><STRONG><a name="[e]"></a>I2C0_IRQHandler</STRONG> (Thumb, 0 bytes, Stack size 0 bytes, startup_mkl25z4.o(.text))
<BR>[Address Reference Count : 1]<UL><LI> startup_mkl25z4.o(RESET)
</UL>
<P><STRONG><a name="[f]"></a>I2C1_IRQHandler</STRONG> (Thumb, 0 bytes, Stack size 0 bytes, startup_mkl25z4.o(.text))
<BR>[Address Reference Count : 1]<UL><LI> startup_mkl25z4.o(RESET)
</UL>
<P><STRONG><a name="[d]"></a>LLWU_IRQHandler</STRONG> (Thumb, 0 bytes, Stack size 0 bytes, startup_mkl25z4.o(.text))
<BR>[Address Reference Count : 1]<UL><LI> startup_mkl25z4.o(RESET)
</UL>
<P><STRONG><a name="[22]"></a>LPTMR0_IRQHandler</STRONG> (Thumb, 0 bytes, Stack size 0 bytes, startup_mkl25z4.o(.text))
<BR>[Address Reference Count : 1]<UL><LI> startup_mkl25z4.o(RESET)
</UL>
<P><STRONG><a name="[c]"></a>LVD_LVW_IRQHandler</STRONG> (Thumb, 0 bytes, Stack size 0 bytes, startup_mkl25z4.o(.text))
<BR>[Address Reference Count : 1]<UL><LI> startup_mkl25z4.o(RESET)
</UL>
<P><STRONG><a name="[21]"></a>MCG_IRQHandler</STRONG> (Thumb, 0 bytes, Stack size 0 bytes, startup_mkl25z4.o(.text))
<BR>[Address Reference Count : 1]<UL><LI> startup_mkl25z4.o(RESET)
</UL>
<P><STRONG><a name="[1c]"></a>PIT_IRQHandler</STRONG> (Thumb, 0 bytes, Stack size 0 bytes, startup_mkl25z4.o(.text))
<BR>[Address Reference Count : 1]<UL><LI> startup_mkl25z4.o(RESET)
</UL>
<P><STRONG><a name="[24]"></a>PORTA_IRQHandler</STRONG> (Thumb, 0 bytes, Stack size 0 bytes, startup_mkl25z4.o(.text))
<BR>[Address Reference Count : 1]<UL><LI> startup_mkl25z4.o(RESET)
</UL>
<P><STRONG><a name="[25]"></a>PORTD_IRQHandler</STRONG> (Thumb, 0 bytes, Stack size 0 bytes, startup_mkl25z4.o(.text))
<BR>[Address Reference Count : 1]<UL><LI> startup_mkl25z4.o(RESET)
</UL>
<P><STRONG><a name="[1a]"></a>RTC_IRQHandler</STRONG> (Thumb, 0 bytes, Stack size 0 bytes, startup_mkl25z4.o(.text))
<BR>[Address Reference Count : 1]<UL><LI> startup_mkl25z4.o(RESET)
</UL>
<P><STRONG><a name="[1b]"></a>RTC_Seconds_IRQHandler</STRONG> (Thumb, 0 bytes, Stack size 0 bytes, startup_mkl25z4.o(.text))
<BR>[Address Reference Count : 1]<UL><LI> startup_mkl25z4.o(RESET)
</UL>
<P><STRONG><a name="[a]"></a>Reserved20_IRQHandler</STRONG> (Thumb, 0 bytes, Stack size 0 bytes, startup_mkl25z4.o(.text))
<BR>[Address Reference Count : 1]<UL><LI> startup_mkl25z4.o(RESET)
</UL>
<P><STRONG><a name="[1d]"></a>Reserved39_IRQHandler</STRONG> (Thumb, 0 bytes, Stack size 0 bytes, startup_mkl25z4.o(.text))
<BR>[Address Reference Count : 1]<UL><LI> startup_mkl25z4.o(RESET)
</UL>
<P><STRONG><a name="[23]"></a>Reserved45_IRQHandler</STRONG> (Thumb, 0 bytes, Stack size 0 bytes, startup_mkl25z4.o(.text))
<BR>[Address Reference Count : 1]<UL><LI> startup_mkl25z4.o(RESET)
</UL>
<P><STRONG><a name="[10]"></a>SPI0_IRQHandler</STRONG> (Thumb, 0 bytes, Stack size 0 bytes, startup_mkl25z4.o(.text))
<BR>[Address Reference Count : 1]<UL><LI> startup_mkl25z4.o(RESET)
</UL>
<P><STRONG><a name="[11]"></a>SPI1_IRQHandler</STRONG> (Thumb, 0 bytes, Stack size 0 bytes, startup_mkl25z4.o(.text))
<BR>[Address Reference Count : 1]<UL><LI> startup_mkl25z4.o(RESET)
</UL>
<P><STRONG><a name="[17]"></a>TPM0_IRQHandler</STRONG> (Thumb, 0 bytes, Stack size 0 bytes, startup_mkl25z4.o(.text))
<BR>[Address Reference Count : 1]<UL><LI> startup_mkl25z4.o(RESET)
</UL>
<P><STRONG><a name="[18]"></a>TPM1_IRQHandler</STRONG> (Thumb, 0 bytes, Stack size 0 bytes, startup_mkl25z4.o(.text))
<BR>[Address Reference Count : 1]<UL><LI> startup_mkl25z4.o(RESET)
</UL>
<P><STRONG><a name="[19]"></a>TPM2_IRQHandler</STRONG> (Thumb, 0 bytes, Stack size 0 bytes, startup_mkl25z4.o(.text))
<BR>[Address Reference Count : 1]<UL><LI> startup_mkl25z4.o(RESET)
</UL>
<P><STRONG><a name="[20]"></a>TSI0_IRQHandler</STRONG> (Thumb, 0 bytes, Stack size 0 bytes, startup_mkl25z4.o(.text))
<BR>[Address Reference Count : 1]<UL><LI> startup_mkl25z4.o(RESET)
</UL>
<P><STRONG><a name="[12]"></a>UART0_IRQHandler</STRONG> (Thumb, 0 bytes, Stack size 0 bytes, startup_mkl25z4.o(.text))
<BR>[Address Reference Count : 1]<UL><LI> startup_mkl25z4.o(RESET)
</UL>
<P><STRONG><a name="[13]"></a>UART1_IRQHandler</STRONG> (Thumb, 0 bytes, Stack size 0 bytes, startup_mkl25z4.o(.text))
<BR>[Address Reference Count : 1]<UL><LI> startup_mkl25z4.o(RESET)
</UL>
<P><STRONG><a name="[14]"></a>UART2_IRQHandler</STRONG> (Thumb, 0 bytes, Stack size 0 bytes, startup_mkl25z4.o(.text))
<BR>[Address Reference Count : 1]<UL><LI> startup_mkl25z4.o(RESET)
</UL>
<P><STRONG><a name="[1e]"></a>USB0_IRQHandler</STRONG> (Thumb, 0 bytes, Stack size 0 bytes, startup_mkl25z4.o(.text))
<BR>[Address Reference Count : 1]<UL><LI> startup_mkl25z4.o(RESET)
</UL>
<P><STRONG><a name="[29]"></a>__user_initial_stackheap</STRONG> (Thumb, 0 bytes, Stack size unknown bytes, startup_mkl25z4.o(.text))
<BR><BR>[Called By]<UL><LI><a href="#[30]">&gt;&gt;</a>&nbsp;&nbsp;&nbsp;__user_setup_stackheap
</UL>

<P><STRONG><a name="[3a]"></a>srand</STRONG> (Thumb, 44 bytes, Stack size 12 bytes, rand.o(.text))
<BR><BR>[Stack]<UL><LI>Max Depth = 12<LI>Call Chain = srand
</UL>
<BR>[Called By]<UL><LI><a href="#[34]">&gt;&gt;</a>&nbsp;&nbsp;&nbsp;main
<LI><a href="#[2e]">&gt;&gt;</a>&nbsp;&nbsp;&nbsp;_rand_init
</UL>

<P><STRONG><a name="[2e]"></a>_rand_init</STRONG> (Thumb, 4 bytes, Stack size 0 bytes, rand.o(.text))
<BR><BR>[Stack]<UL><LI>Max Depth = 12<LI>Call Chain = _rand_init &rArr; srand
</UL>
<BR>[Calls]<UL><LI><a href="#[3a]">&gt;&gt;</a>&nbsp;&nbsp;&nbsp;srand
</UL>
<BR>[Called By]<UL><LI><a href="#[2d]">&gt;&gt;</a>&nbsp;&nbsp;&nbsp;__rt_lib_init_rand_2
</UL>

<P><STRONG><a name="[79]"></a>__aeabi_uidivmod</STRONG> (Thumb, 28 bytes, Stack size 0 bytes, aeabi_sdivfast.o(.text), UNUSED)

<P><STRONG><a name="[55]"></a>__aeabi_idivmod</STRONG> (Thumb, 472 bytes, Stack size 8 bytes, aeabi_sdivfast.o(.text))
<BR><BR>[Stack]<UL><LI>Max Depth = 8<LI>Call Chain = __aeabi_idivmod
</UL>
<BR>[Called By]<UL><LI><a href="#[34]">&gt;&gt;</a>&nbsp;&nbsp;&nbsp;main
</UL>

<P><STRONG><a name="[7a]"></a>__use_two_region_memory</STRONG> (Thumb, 2 bytes, Stack size 0 bytes, heapauxi.o(.text), UNUSED)

<P><STRONG><a name="[7b]"></a>__rt_heap_escrow$2region</STRONG> (Thumb, 2 bytes, Stack size 0 bytes, heapauxi.o(.text), UNUSED)

<P><STRONG><a name="[7c]"></a>__rt_heap_expand$2region</STRONG> (Thumb, 2 bytes, Stack size 0 bytes, heapauxi.o(.text), UNUSED)

<P><STRONG><a name="[7d]"></a>__I$use$semihosting</STRONG> (Thumb, 0 bytes, Stack size 0 bytes, use_no_semi.o(.text), UNUSED)

<P><STRONG><a name="[7e]"></a>__use_no_semihosting_swi</STRONG> (Thumb, 2 bytes, Stack size 0 bytes, use_no_semi.o(.text), UNUSED)

<P><STRONG><a name="[7f]"></a>__user_libspace</STRONG> (Thumb, 8 bytes, Stack size 0 bytes, libspace.o(.text), UNUSED)

<P><STRONG><a name="[3b]"></a>__user_perproc_libspace</STRONG> (Thumb, 0 bytes, Stack size 0 bytes, libspace.o(.text))
<BR><BR>[Called By]<UL><LI><a href="#[30]">&gt;&gt;</a>&nbsp;&nbsp;&nbsp;__user_setup_stackheap
</UL>

<P><STRONG><a name="[80]"></a>__user_perthread_libspace</STRONG> (Thumb, 0 bytes, Stack size 0 bytes, libspace.o(.text), UNUSED)

<P><STRONG><a name="[30]"></a>__user_setup_stackheap</STRONG> (Thumb, 62 bytes, Stack size 8 bytes, sys_stackheap_outer.o(.text))
<BR><BR>[Stack]<UL><LI>Max Depth = 8 + Unknown Stack Size
<LI>Call Chain = __user_setup_stackheap
</UL>
<BR>[Calls]<UL><LI><a href="#[29]">&gt;&gt;</a>&nbsp;&nbsp;&nbsp;__user_initial_stackheap
<LI><a href="#[3b]">&gt;&gt;</a>&nbsp;&nbsp;&nbsp;__user_perproc_libspace
</UL>
<BR>[Called By]<UL><LI><a href="#[2f]">&gt;&gt;</a>&nbsp;&nbsp;&nbsp;__rt_entry_sh
</UL>

<P><STRONG><a name="[35]"></a>exit</STRONG> (Thumb, 16 bytes, Stack size 8 bytes, exit.o(.text))
<BR><BR>[Stack]<UL><LI>Max Depth = 8 + Unknown Stack Size
<LI>Call Chain = exit
</UL>
<BR>[Calls]<UL><LI><a href="#[3d]">&gt;&gt;</a>&nbsp;&nbsp;&nbsp;__rt_exit
<LI><a href="#[3c]">&gt;&gt;</a>&nbsp;&nbsp;&nbsp;_call_atexit_fns (Weak Reference)
</UL>
<BR>[Called By]<UL><LI><a href="#[33]">&gt;&gt;</a>&nbsp;&nbsp;&nbsp;__rt_entry_main
</UL>

<P><STRONG><a name="[39]"></a>_sys_exit</STRONG> (Thumb, 8 bytes, Stack size 0 bytes, sys_exit.o(.text))
<BR><BR>[Called By]<UL><LI><a href="#[38]">&gt;&gt;</a>&nbsp;&nbsp;&nbsp;__rt_exit_exit
</UL>

<P><STRONG><a name="[81]"></a>__decompress</STRONG> (Thumb, 0 bytes, Stack size unknown bytes, __dczerorl2.o(.text), UNUSED)

<P><STRONG><a name="[82]"></a>__decompress1</STRONG> (Thumb, 86 bytes, Stack size unknown bytes, __dczerorl2.o(.text), UNUSED)

<P><STRONG><a name="[83]"></a>__semihosting_library_function</STRONG> (Thumb, 0 bytes, Stack size unknown bytes, indicate_semi.o(.text), UNUSED)

<P><STRONG><a name="[52]"></a>ADC0_init</STRONG> (Thumb, 52 bytes, Stack size 0 bytes, pacman.o(.text.ADC0_init))
<BR><BR>[Called By]<UL><LI><a href="#[34]">&gt;&gt;</a>&nbsp;&nbsp;&nbsp;main
</UL>

<P><STRONG><a name="[4a]"></a>Delay</STRONG> (Thumb, 18 bytes, Stack size 4 bytes, pacman.o(.text.Delay))
<BR><BR>[Stack]<UL><LI>Max Depth = 4<LI>Call Chain = Delay
</UL>
<BR>[Called By]<UL><LI><a href="#[34]">&gt;&gt;</a>&nbsp;&nbsp;&nbsp;main
<LI><a href="#[4f]">&gt;&gt;</a>&nbsp;&nbsp;&nbsp;eat_pacman
<LI><a href="#[49]">&gt;&gt;</a>&nbsp;&nbsp;&nbsp;draw_pacman
</UL>

<P><STRONG><a name="[3e]"></a>GLCD_clear</STRONG> (Thumb, 26 bytes, Stack size 8 bytes, pacman.o(.text.GLCD_clear))
<BR><BR>[Stack]<UL><LI>Max Depth = 36<LI>Call Chain = GLCD_clear &rArr; GLCD_setCursor &rArr; GLCD_command_write &rArr; SPI0_write
</UL>
<BR>[Calls]<UL><LI><a href="#[40]">&gt;&gt;</a>&nbsp;&nbsp;&nbsp;GLCD_setCursor
<LI><a href="#[3f]">&gt;&gt;</a>&nbsp;&nbsp;&nbsp;GLCD_data_write
</UL>
<BR>[Called By]<UL><LI><a href="#[34]">&gt;&gt;</a>&nbsp;&nbsp;&nbsp;main
<LI><a href="#[51]">&gt;&gt;</a>&nbsp;&nbsp;&nbsp;game_over_pacman
<LI><a href="#[50]">&gt;&gt;</a>&nbsp;&nbsp;&nbsp;game_over_ghost
<LI><a href="#[4f]">&gt;&gt;</a>&nbsp;&nbsp;&nbsp;eat_pacman
</UL>

<P><STRONG><a name="[41]"></a>GLCD_command_write</STRONG> (Thumb, 16 bytes, Stack size 8 bytes, pacman.o(.text.GLCD_command_write))
<BR><BR>[Stack]<UL><LI>Max Depth = 20<LI>Call Chain = GLCD_command_write &rArr; SPI0_write
</UL>
<BR>[Calls]<UL><LI><a href="#[42]">&gt;&gt;</a>&nbsp;&nbsp;&nbsp;SPI0_write
</UL>
<BR>[Called By]<UL><LI><a href="#[34]">&gt;&gt;</a>&nbsp;&nbsp;&nbsp;main
<LI><a href="#[40]">&gt;&gt;</a>&nbsp;&nbsp;&nbsp;GLCD_setCursor
<LI><a href="#[43]">&gt;&gt;</a>&nbsp;&nbsp;&nbsp;GLCD_init
</UL>

<P><STRONG><a name="[3f]"></a>GLCD_data_write</STRONG> (Thumb, 16 bytes, Stack size 8 bytes, pacman.o(.text.GLCD_data_write))
<BR><BR>[Stack]<UL><LI>Max Depth = 20<LI>Call Chain = GLCD_data_write &rArr; SPI0_write
</UL>
<BR>[Calls]<UL><LI><a href="#[42]">&gt;&gt;</a>&nbsp;&nbsp;&nbsp;SPI0_write
</UL>
<BR>[Called By]<UL><LI><a href="#[4e]">&gt;&gt;</a>&nbsp;&nbsp;&nbsp;draw_solkenar
<LI><a href="#[4d]">&gt;&gt;</a>&nbsp;&nbsp;&nbsp;draw_solaltkenar
<LI><a href="#[4c]">&gt;&gt;</a>&nbsp;&nbsp;&nbsp;draw_sagkenar
<LI><a href="#[4b]">&gt;&gt;</a>&nbsp;&nbsp;&nbsp;draw_sagaltkenar
<LI><a href="#[48]">&gt;&gt;</a>&nbsp;&nbsp;&nbsp;draw_middlewall2
<LI><a href="#[47]">&gt;&gt;</a>&nbsp;&nbsp;&nbsp;draw_middlewall
<LI><a href="#[46]">&gt;&gt;</a>&nbsp;&nbsp;&nbsp;GLCD_writeLetter
<LI><a href="#[45]">&gt;&gt;</a>&nbsp;&nbsp;&nbsp;GLCD_putchar
<LI><a href="#[3e]">&gt;&gt;</a>&nbsp;&nbsp;&nbsp;GLCD_clear
</UL>

<P><STRONG><a name="[43]"></a>GLCD_init</STRONG> (Thumb, 52 bytes, Stack size 8 bytes, pacman.o(.text.GLCD_init))
<BR><BR>[Stack]<UL><LI>Max Depth = 28<LI>Call Chain = GLCD_init &rArr; GLCD_command_write &rArr; SPI0_write
</UL>
<BR>[Calls]<UL><LI><a href="#[44]">&gt;&gt;</a>&nbsp;&nbsp;&nbsp;SPI0_init
<LI><a href="#[41]">&gt;&gt;</a>&nbsp;&nbsp;&nbsp;GLCD_command_write
</UL>
<BR>[Called By]<UL><LI><a href="#[34]">&gt;&gt;</a>&nbsp;&nbsp;&nbsp;main
</UL>

<P><STRONG><a name="[45]"></a>GLCD_putchar</STRONG> (Thumb, 24 bytes, Stack size 16 bytes, pacman.o(.text.GLCD_putchar))
<BR><BR>[Stack]<UL><LI>Max Depth = 36<LI>Call Chain = GLCD_putchar &rArr; GLCD_data_write &rArr; SPI0_write
</UL>
<BR>[Calls]<UL><LI><a href="#[3f]">&gt;&gt;</a>&nbsp;&nbsp;&nbsp;GLCD_data_write
</UL>
<BR>[Called By]<UL><LI><a href="#[34]">&gt;&gt;</a>&nbsp;&nbsp;&nbsp;main
<LI><a href="#[49]">&gt;&gt;</a>&nbsp;&nbsp;&nbsp;draw_pacman
</UL>

<P><STRONG><a name="[40]"></a>GLCD_setCursor</STRONG> (Thumb, 22 bytes, Stack size 8 bytes, pacman.o(.text.GLCD_setCursor))
<BR><BR>[Stack]<UL><LI>Max Depth = 28<LI>Call Chain = GLCD_setCursor &rArr; GLCD_command_write &rArr; SPI0_write
</UL>
<BR>[Calls]<UL><LI><a href="#[41]">&gt;&gt;</a>&nbsp;&nbsp;&nbsp;GLCD_command_write
</UL>
<BR>[Called By]<UL><LI><a href="#[34]">&gt;&gt;</a>&nbsp;&nbsp;&nbsp;main
<LI><a href="#[51]">&gt;&gt;</a>&nbsp;&nbsp;&nbsp;game_over_pacman
<LI><a href="#[50]">&gt;&gt;</a>&nbsp;&nbsp;&nbsp;game_over_ghost
<LI><a href="#[4e]">&gt;&gt;</a>&nbsp;&nbsp;&nbsp;draw_solkenar
<LI><a href="#[4d]">&gt;&gt;</a>&nbsp;&nbsp;&nbsp;draw_solaltkenar
<LI><a href="#[4c]">&gt;&gt;</a>&nbsp;&nbsp;&nbsp;draw_sagkenar
<LI><a href="#[4b]">&gt;&gt;</a>&nbsp;&nbsp;&nbsp;draw_sagaltkenar
<LI><a href="#[49]">&gt;&gt;</a>&nbsp;&nbsp;&nbsp;draw_pacman
<LI><a href="#[48]">&gt;&gt;</a>&nbsp;&nbsp;&nbsp;draw_middlewall2
<LI><a href="#[47]">&gt;&gt;</a>&nbsp;&nbsp;&nbsp;draw_middlewall
<LI><a href="#[3e]">&gt;&gt;</a>&nbsp;&nbsp;&nbsp;GLCD_clear
</UL>

<P><STRONG><a name="[46]"></a>GLCD_writeLetter</STRONG> (Thumb, 24 bytes, Stack size 16 bytes, pacman.o(.text.GLCD_writeLetter))
<BR><BR>[Stack]<UL><LI>Max Depth = 36<LI>Call Chain = GLCD_writeLetter &rArr; GLCD_data_write &rArr; SPI0_write
</UL>
<BR>[Calls]<UL><LI><a href="#[3f]">&gt;&gt;</a>&nbsp;&nbsp;&nbsp;GLCD_data_write
</UL>
<BR>[Called By]<UL><LI><a href="#[34]">&gt;&gt;</a>&nbsp;&nbsp;&nbsp;main
<LI><a href="#[51]">&gt;&gt;</a>&nbsp;&nbsp;&nbsp;game_over_pacman
<LI><a href="#[50]">&gt;&gt;</a>&nbsp;&nbsp;&nbsp;game_over_ghost
</UL>

<P><STRONG><a name="[44]"></a>SPI0_init</STRONG> (Thumb, 100 bytes, Stack size 16 bytes, pacman.o(.text.SPI0_init))
<BR><BR>[Stack]<UL><LI>Max Depth = 16<LI>Call Chain = SPI0_init
</UL>
<BR>[Called By]<UL><LI><a href="#[43]">&gt;&gt;</a>&nbsp;&nbsp;&nbsp;GLCD_init
</UL>

<P><STRONG><a name="[42]"></a>SPI0_write</STRONG> (Thumb, 44 bytes, Stack size 12 bytes, pacman.o(.text.SPI0_write))
<BR><BR>[Stack]<UL><LI>Max Depth = 12<LI>Call Chain = SPI0_write
</UL>
<BR>[Called By]<UL><LI><a href="#[3f]">&gt;&gt;</a>&nbsp;&nbsp;&nbsp;GLCD_data_write
<LI><a href="#[41]">&gt;&gt;</a>&nbsp;&nbsp;&nbsp;GLCD_command_write
</UL>

<P><STRONG><a name="[26]"></a>SystemInit</STRONG> (Thumb, 8 bytes, Stack size 0 bytes, system_mkl25z4.o(.text.SystemInit))
<BR>[Address Reference Count : 1]<UL><LI> startup_mkl25z4.o(.text)
</UL>
<P><STRONG><a name="[47]"></a>draw_middlewall</STRONG> (Thumb, 74 bytes, Stack size 8 bytes, pacman.o(.text.draw_middlewall))
<BR><BR>[Stack]<UL><LI>Max Depth = 36<LI>Call Chain = draw_middlewall &rArr; GLCD_setCursor &rArr; GLCD_command_write &rArr; SPI0_write
</UL>
<BR>[Calls]<UL><LI><a href="#[40]">&gt;&gt;</a>&nbsp;&nbsp;&nbsp;GLCD_setCursor
<LI><a href="#[3f]">&gt;&gt;</a>&nbsp;&nbsp;&nbsp;GLCD_data_write
</UL>
<BR>[Called By]<UL><LI><a href="#[34]">&gt;&gt;</a>&nbsp;&nbsp;&nbsp;main
</UL>

<P><STRONG><a name="[48]"></a>draw_middlewall2</STRONG> (Thumb, 74 bytes, Stack size 8 bytes, pacman.o(.text.draw_middlewall2))
<BR><BR>[Stack]<UL><LI>Max Depth = 36<LI>Call Chain = draw_middlewall2 &rArr; GLCD_setCursor &rArr; GLCD_command_write &rArr; SPI0_write
</UL>
<BR>[Calls]<UL><LI><a href="#[40]">&gt;&gt;</a>&nbsp;&nbsp;&nbsp;GLCD_setCursor
<LI><a href="#[3f]">&gt;&gt;</a>&nbsp;&nbsp;&nbsp;GLCD_data_write
</UL>
<BR>[Called By]<UL><LI><a href="#[34]">&gt;&gt;</a>&nbsp;&nbsp;&nbsp;main
</UL>

<P><STRONG><a name="[49]"></a>draw_pacman</STRONG> (Thumb, 44 bytes, Stack size 16 bytes, pacman.o(.text.draw_pacman))
<BR><BR>[Stack]<UL><LI>Max Depth = 52<LI>Call Chain = draw_pacman &rArr; GLCD_putchar &rArr; GLCD_data_write &rArr; SPI0_write
</UL>
<BR>[Calls]<UL><LI><a href="#[40]">&gt;&gt;</a>&nbsp;&nbsp;&nbsp;GLCD_setCursor
<LI><a href="#[45]">&gt;&gt;</a>&nbsp;&nbsp;&nbsp;GLCD_putchar
<LI><a href="#[4a]">&gt;&gt;</a>&nbsp;&nbsp;&nbsp;Delay
</UL>
<BR>[Called By]<UL><LI><a href="#[34]">&gt;&gt;</a>&nbsp;&nbsp;&nbsp;main
</UL>

<P><STRONG><a name="[4b]"></a>draw_sagaltkenar</STRONG> (Thumb, 38 bytes, Stack size 8 bytes, pacman.o(.text.draw_sagaltkenar))
<BR><BR>[Stack]<UL><LI>Max Depth = 36<LI>Call Chain = draw_sagaltkenar &rArr; GLCD_setCursor &rArr; GLCD_command_write &rArr; SPI0_write
</UL>
<BR>[Calls]<UL><LI><a href="#[40]">&gt;&gt;</a>&nbsp;&nbsp;&nbsp;GLCD_setCursor
<LI><a href="#[3f]">&gt;&gt;</a>&nbsp;&nbsp;&nbsp;GLCD_data_write
</UL>
<BR>[Called By]<UL><LI><a href="#[34]">&gt;&gt;</a>&nbsp;&nbsp;&nbsp;main
</UL>

<P><STRONG><a name="[4c]"></a>draw_sagkenar</STRONG> (Thumb, 38 bytes, Stack size 8 bytes, pacman.o(.text.draw_sagkenar))
<BR><BR>[Stack]<UL><LI>Max Depth = 36<LI>Call Chain = draw_sagkenar &rArr; GLCD_setCursor &rArr; GLCD_command_write &rArr; SPI0_write
</UL>
<BR>[Calls]<UL><LI><a href="#[40]">&gt;&gt;</a>&nbsp;&nbsp;&nbsp;GLCD_setCursor
<LI><a href="#[3f]">&gt;&gt;</a>&nbsp;&nbsp;&nbsp;GLCD_data_write
</UL>
<BR>[Called By]<UL><LI><a href="#[34]">&gt;&gt;</a>&nbsp;&nbsp;&nbsp;main
</UL>

<P><STRONG><a name="[4d]"></a>draw_solaltkenar</STRONG> (Thumb, 38 bytes, Stack size 16 bytes, pacman.o(.text.draw_solaltkenar))
<BR><BR>[Stack]<UL><LI>Max Depth = 44<LI>Call Chain = draw_solaltkenar &rArr; GLCD_setCursor &rArr; GLCD_command_write &rArr; SPI0_write
</UL>
<BR>[Calls]<UL><LI><a href="#[40]">&gt;&gt;</a>&nbsp;&nbsp;&nbsp;GLCD_setCursor
<LI><a href="#[3f]">&gt;&gt;</a>&nbsp;&nbsp;&nbsp;GLCD_data_write
</UL>
<BR>[Called By]<UL><LI><a href="#[34]">&gt;&gt;</a>&nbsp;&nbsp;&nbsp;main
</UL>

<P><STRONG><a name="[4e]"></a>draw_solkenar</STRONG> (Thumb, 38 bytes, Stack size 8 bytes, pacman.o(.text.draw_solkenar))
<BR><BR>[Stack]<UL><LI>Max Depth = 36<LI>Call Chain = draw_solkenar &rArr; GLCD_setCursor &rArr; GLCD_command_write &rArr; SPI0_write
</UL>
<BR>[Calls]<UL><LI><a href="#[40]">&gt;&gt;</a>&nbsp;&nbsp;&nbsp;GLCD_setCursor
<LI><a href="#[3f]">&gt;&gt;</a>&nbsp;&nbsp;&nbsp;GLCD_data_write
</UL>
<BR>[Called By]<UL><LI><a href="#[34]">&gt;&gt;</a>&nbsp;&nbsp;&nbsp;main
</UL>

<P><STRONG><a name="[4f]"></a>eat_pacman</STRONG> (Thumb, 20 bytes, Stack size 8 bytes, pacman.o(.text.eat_pacman))
<BR><BR>[Stack]<UL><LI>Max Depth = 44<LI>Call Chain = eat_pacman &rArr; GLCD_clear &rArr; GLCD_setCursor &rArr; GLCD_command_write &rArr; SPI0_write
</UL>
<BR>[Calls]<UL><LI><a href="#[3e]">&gt;&gt;</a>&nbsp;&nbsp;&nbsp;GLCD_clear
<LI><a href="#[4a]">&gt;&gt;</a>&nbsp;&nbsp;&nbsp;Delay
</UL>
<BR>[Called By]<UL><LI><a href="#[34]">&gt;&gt;</a>&nbsp;&nbsp;&nbsp;main
</UL>

<P><STRONG><a name="[50]"></a>game_over_ghost</STRONG> (Thumb, 262 bytes, Stack size 32 bytes, pacman.o(.text.game_over_ghost))
<BR><BR>[Stack]<UL><LI>Max Depth = 68<LI>Call Chain = game_over_ghost &rArr; GLCD_writeLetter &rArr; GLCD_data_write &rArr; SPI0_write
</UL>
<BR>[Calls]<UL><LI><a href="#[46]">&gt;&gt;</a>&nbsp;&nbsp;&nbsp;GLCD_writeLetter
<LI><a href="#[40]">&gt;&gt;</a>&nbsp;&nbsp;&nbsp;GLCD_setCursor
<LI><a href="#[3e]">&gt;&gt;</a>&nbsp;&nbsp;&nbsp;GLCD_clear
</UL>
<BR>[Called By]<UL><LI><a href="#[34]">&gt;&gt;</a>&nbsp;&nbsp;&nbsp;main
</UL>

<P><STRONG><a name="[51]"></a>game_over_pacman</STRONG> (Thumb, 276 bytes, Stack size 48 bytes, pacman.o(.text.game_over_pacman))
<BR><BR>[Stack]<UL><LI>Max Depth = 84<LI>Call Chain = game_over_pacman &rArr; GLCD_writeLetter &rArr; GLCD_data_write &rArr; SPI0_write
</UL>
<BR>[Calls]<UL><LI><a href="#[46]">&gt;&gt;</a>&nbsp;&nbsp;&nbsp;GLCD_writeLetter
<LI><a href="#[40]">&gt;&gt;</a>&nbsp;&nbsp;&nbsp;GLCD_setCursor
<LI><a href="#[3e]">&gt;&gt;</a>&nbsp;&nbsp;&nbsp;GLCD_clear
</UL>
<BR>[Called By]<UL><LI><a href="#[34]">&gt;&gt;</a>&nbsp;&nbsp;&nbsp;main
</UL>

<P><STRONG><a name="[53]"></a>initialize_timer</STRONG> (Thumb, 48 bytes, Stack size 0 bytes, pacman.o(.text.initialize_timer))
<BR><BR>[Called By]<UL><LI><a href="#[34]">&gt;&gt;</a>&nbsp;&nbsp;&nbsp;main
</UL>

<P><STRONG><a name="[34]"></a>main</STRONG> (Thumb, 18912 bytes, Stack size 152 bytes, pacman.o(.text.main))
<BR><BR>[Stack]<UL><LI>Max Depth = 236<LI>Call Chain = main &rArr; game_over_pacman &rArr; GLCD_writeLetter &rArr; GLCD_data_write &rArr; SPI0_write
</UL>
<BR>[Calls]<UL><LI><a href="#[53]">&gt;&gt;</a>&nbsp;&nbsp;&nbsp;initialize_timer
<LI><a href="#[51]">&gt;&gt;</a>&nbsp;&nbsp;&nbsp;game_over_pacman
<LI><a href="#[50]">&gt;&gt;</a>&nbsp;&nbsp;&nbsp;game_over_ghost
<LI><a href="#[4f]">&gt;&gt;</a>&nbsp;&nbsp;&nbsp;eat_pacman
<LI><a href="#[4e]">&gt;&gt;</a>&nbsp;&nbsp;&nbsp;draw_solkenar
<LI><a href="#[4d]">&gt;&gt;</a>&nbsp;&nbsp;&nbsp;draw_solaltkenar
<LI><a href="#[4c]">&gt;&gt;</a>&nbsp;&nbsp;&nbsp;draw_sagkenar
<LI><a href="#[4b]">&gt;&gt;</a>&nbsp;&nbsp;&nbsp;draw_sagaltkenar
<LI><a href="#[49]">&gt;&gt;</a>&nbsp;&nbsp;&nbsp;draw_pacman
<LI><a href="#[48]">&gt;&gt;</a>&nbsp;&nbsp;&nbsp;draw_middlewall2
<LI><a href="#[47]">&gt;&gt;</a>&nbsp;&nbsp;&nbsp;draw_middlewall
<LI><a href="#[46]">&gt;&gt;</a>&nbsp;&nbsp;&nbsp;GLCD_writeLetter
<LI><a href="#[40]">&gt;&gt;</a>&nbsp;&nbsp;&nbsp;GLCD_setCursor
<LI><a href="#[45]">&gt;&gt;</a>&nbsp;&nbsp;&nbsp;GLCD_putchar
<LI><a href="#[43]">&gt;&gt;</a>&nbsp;&nbsp;&nbsp;GLCD_init
<LI><a href="#[41]">&gt;&gt;</a>&nbsp;&nbsp;&nbsp;GLCD_command_write
<LI><a href="#[3e]">&gt;&gt;</a>&nbsp;&nbsp;&nbsp;GLCD_clear
<LI><a href="#[4a]">&gt;&gt;</a>&nbsp;&nbsp;&nbsp;Delay
<LI><a href="#[52]">&gt;&gt;</a>&nbsp;&nbsp;&nbsp;ADC0_init
<LI><a href="#[55]">&gt;&gt;</a>&nbsp;&nbsp;&nbsp;__aeabi_idivmod
<LI><a href="#[3a]">&gt;&gt;</a>&nbsp;&nbsp;&nbsp;srand
<LI><a href="#[54]">&gt;&gt;</a>&nbsp;&nbsp;&nbsp;rand
</UL>
<BR>[Called By]<UL><LI><a href="#[33]">&gt;&gt;</a>&nbsp;&nbsp;&nbsp;__rt_entry_main
</UL>
<P>
<H3>
Local Symbols
</H3><P>
<H3>
Undefined Global Symbols
</H3>
<P><STRONG><a name="[3c]"></a>_call_atexit_fns</STRONG> (ARM, 0 bytes, Stack size 0 bytes, UNDEFINED)
<BR><BR>[Called By]<UL><LI><a href="#[35]">&gt;&gt;</a>&nbsp;&nbsp;&nbsp;exit
</UL>
<HR></body></html>
