Component: ARM Compiler 6.16 Tool: armlink [5dfeaa00]

==============================================================================

Section Cross References

    pacman.o(.text.main) refers to pacman.o(.text.GLCD_init) for GLCD_init
    pacman.o(.text.main) refers to pacman.o(.text.GLCD_clear) for GLCD_clear
    pacman.o(.text.main) refers to pacman.o(.text.ADC0_init) for ADC0_init
    pacman.o(.text.main) refers to pacman.o(.text.initialize_timer) for initialize_timer
    pacman.o(.text.main) refers to pacman.o(.text.GLCD_command_write) for GLCD_command_write
    pacman.o(.text.main) refers to pacman.o(.text.GLCD_setCursor) for GLCD_setCursor
    pacman.o(.text.main) refers to pacman.o(.text.GLCD_writeLetter) for GLCD_writeLetter
    pacman.o(.text.main) refers to pacman.o(.text.GLCD_putchar) for GLCD_putchar
    pacman.o(.text.main) refers to pacman.o(.text.draw_middlewall2) for draw_middlewall2
    pacman.o(.text.main) refers to pacman.o(.text.draw_middlewall) for draw_middlewall
    pacman.o(.text.main) refers to pacman.o(.text.draw_solkenar) for draw_solkenar
    pacman.o(.text.main) refers to pacman.o(.text.draw_solaltkenar) for draw_solaltkenar
    pacman.o(.text.main) refers to pacman.o(.text.draw_sagkenar) for draw_sagkenar
    pacman.o(.text.main) refers to pacman.o(.text.draw_sagaltkenar) for draw_sagaltkenar
    pacman.o(.text.main) refers to pacman.o(.text.draw_pacman) for draw_pacman
    pacman.o(.text.main) refers to rand.o(.text) for srand
    pacman.o(.text.main) refers to pacman.o(.data.y) for y
    pacman.o(.text.main) refers to pacman.o(.data.x) for x
    pacman.o(.text.main) refers to pacman.o(.data.y2) for y2
    pacman.o(.text.main) refers to pacman.o(.data.x2) for x2
    pacman.o(.text.main) refers to pacman.o(.data.b1y) for b1y
    pacman.o(.text.main) refers to pacman.o(.data.b1x) for b1x
    pacman.o(.text.main) refers to pacman.o(.data.b3y) for b3y
    pacman.o(.text.main) refers to pacman.o(.data.b3x) for b3x
    pacman.o(.text.main) refers to pacman.o(.data.b5y) for b5y
    pacman.o(.text.main) refers to pacman.o(.data.b5x) for b5x
    pacman.o(.text.main) refers to pacman.o(.data.b7y) for b7y
    pacman.o(.text.main) refers to pacman.o(.data.b7x) for b7x
    pacman.o(.text.main) refers to pacman.o(.data.b9y) for b9y
    pacman.o(.text.main) refers to pacman.o(.data.b9x) for b9x
    pacman.o(.text.main) refers to pacman.o(.data.b11y) for b11y
    pacman.o(.text.main) refers to pacman.o(.data.b11x) for b11x
    pacman.o(.text.main) refers to pacman.o(.data.b12y) for b12y
    pacman.o(.text.main) refers to pacman.o(.data.b12x) for b12x
    pacman.o(.text.main) refers to pacman.o(.data.b18y) for b18y
    pacman.o(.text.main) refers to pacman.o(.data.b18x) for b18x
    pacman.o(.text.main) refers to pacman.o(.data.b20y) for b20y
    pacman.o(.text.main) refers to pacman.o(.data.b20x) for b20x
    pacman.o(.text.main) refers to pacman.o(.bss.b23y) for b23y
    pacman.o(.text.main) refers to pacman.o(.data.b23x) for b23x
    pacman.o(.text.main) refers to pacman.o(.data.b24y) for b24y
    pacman.o(.text.main) refers to pacman.o(.data.b24x) for b24x
    pacman.o(.text.main) refers to pacman.o(.data.b28y) for b28y
    pacman.o(.text.main) refers to pacman.o(.data.b28x) for b28x
    pacman.o(.text.main) refers to pacman.o(.bss.b29y) for b29y
    pacman.o(.text.main) refers to pacman.o(.data.b29x) for b29x
    pacman.o(.text.main) refers to pacman.o(.data.b30y) for b30y
    pacman.o(.text.main) refers to pacman.o(.data.b30x) for b30x
    pacman.o(.text.main) refers to pacman.o(.data.b32y) for b32y
    pacman.o(.text.main) refers to pacman.o(.data.b32x) for b32x
    pacman.o(.text.main) refers to pacman.o(.data.b34y) for b34y
    pacman.o(.text.main) refers to pacman.o(.data.b34x) for b34x
    pacman.o(.text.main) refers to pacman.o(.bss.xold) for xold
    pacman.o(.text.main) refers to pacman.o(.bss.yold) for yold
    pacman.o(.text.main) refers to pacman.o(.bss.xold2) for xold2
    pacman.o(.text.main) refers to pacman.o(.bss.yold2) for yold2
    pacman.o(.text.main) refers to pacman.o(.text.Delay) for Delay
    pacman.o(.text.main) refers to pacman.o(.bss.food1x) for food1x
    pacman.o(.text.main) refers to pacman.o(.bss.food1y) for food1y
    pacman.o(.text.main) refers to pacman.o(.bss.food2x) for food2x
    pacman.o(.text.main) refers to pacman.o(.bss.food2y) for food2y
    pacman.o(.text.main) refers to pacman.o(.data.msTime) for msTime
    pacman.o(.text.main) refers to pacman.o(.text.eat_pacman) for eat_pacman
    pacman.o(.text.main) refers to pacman.o(.text.game_over_ghost) for game_over_ghost
    pacman.o(.text.main) refers to pacman.o(.data.foodamount) for foodamount
    pacman.o(.text.main) refers to rand.o(.emb_text) for rand
    pacman.o(.text.main) refers to aeabi_sdivfast.o(.text) for __aeabi_idivmod
    pacman.o(.text.main) refers to pacman.o(.text.game_over_pacman) for game_over_pacman
[...]
    Removing supportfunctionsf16.o(.text.arm_weighted_sum_f16), (130 bytes).
    Removing supportfunctionsf16.o(.ARM.exidx.text.arm_weighted_sum_f16), (8 bytes).
    Removing supportfunctionsf16.o(.text.arm_barycenter_f16), (202 bytes).
    Removing supportfunctionsf16.o(.ARM.exidx.text.arm_barycenter_f16), (8 bytes).
    Removing transformfunctions.o(.text), (0 bytes).
    Removing transformfunctions.o(.text.arm_bitreversal_f32), (154 bytes).
    Removing transformfunctions.o(.ARM.exidx.text.arm_bitreversal_f32), (8 bytes).
    Removing transformfunctions.o(.text.arm_bitreversal_q31), (184 bytes).
    Removing transformfunctions.o(.ARM.exidx.text.arm_bitreversal_q31), (8 bytes).
    Removing transformfunctions.o(.text.arm_bitreversal_q15), (114 bytes).
    Removing transformfunctions.o(.ARM.exidx.text.arm_bitreversal_q15), (8 bytes).
    Removing transformfunctions.o(.text.arm_bitreversal_64), (120 bytes).
    Removing transformfunctions.o(.ARM.exidx.text.arm_bitreversal_64), (8 bytes).
    Removing transformfunctions.o(.text.arm_bitreversal_32), (50 bytes).
    Removing transformfunctions.o(.ARM.exidx.text.arm_bitreversal_32), (8 bytes).
    Removing transformfunctions.o(.text.arm_bitreversal_16), (54 bytes).
    Removing transformfunctions.o(.ARM.exidx.text.arm_bitreversal_16), (8 bytes).
    Removing transformfunctions.o(.text.arm_cfft_radix8by2_f32), (626 bytes).
    Removing transformfunctions.o(.ARM.exidx.text.arm_cfft_radix8by2_f32), (8 bytes).
    Removing transformfunctions.o(.text.arm_radix8_butterfly_f32), (2184 bytes).
    Removing transformfunctions.o(.ARM.exidx.text.arm_radix8_butterfly_f32), (8 bytes).
    Removing transformfunctions.o(.text.arm_cfft_radix8by4_f32), (1800 bytes).
    Removing transformfunctions.o(.ARM.exidx.text.arm_cfft_radix8by4_f32), (8 bytes).
    Removing transformfunctions.o(.text.arm_cfft_f32), (228 bytes).
    Removing transformfunctions.o(.ARM.exidx.text.arm_cfft_f32), (8 bytes).
    Removing transformfunctions.o(.text.arm_radix4_butterfly_f64), (872 bytes).
    Removing transformfunctions.o(.ARM.exidx.text.arm_radix4_butterfly_f64), (8 bytes).
    Removing transformfunctions.o(.text.arm_cfft_radix4by2_f64), (278 bytes).
    Removing transformfunctions.o(.ARM.exidx.text.arm_cfft_radix4by2_f64), (8 bytes).
    Removing transformfunctions.o(.text.arm_cfft_f64), (244 bytes).
    Removing transformfunctions.o(.ARM.exidx.text.arm_cfft_f64), (8 bytes).
    Removing transformfunctions.o(.text.arm_cfft_q15), (228 bytes).
    Removing transformfunctions.o(.ARM.exidx.text.arm_cfft_q15), (8 bytes).
    Removing transformfunctions.o(.text.arm_radix4_butterfly_inverse_q15), (1312 bytes).
    Removing transformfunctions.o(.ARM.exidx.text.arm_radix4_butterfly_inverse_q15), (8 bytes).
    Removing transformfunctions.o(.text.arm_cfft_radix4by2_inverse_q15), (216 bytes).
    Removing transformfunctions.o(.ARM.exidx.text.arm_cfft_radix4by2_inverse_q15), (8 bytes).
    Removing transformfunctions.o(.text.arm_radix4_butterfly_q15), (1312 bytes).
    Removing transformfunctions.o(.ARM.exidx.text.arm_radix4_butterfly_q15), (8 bytes).
    Removing transformfunctions.o(.text.arm_cfft_radix4by2_q15), (216 bytes).
    Removing transformfunctions.o(.ARM.exidx.text.arm_cfft_radix4by2_q15), (8 bytes).
    Removing transformfunctions.o(.text.arm_cfft_q31), (228 bytes).
    Removing transformfunctions.o(.ARM.exidx.text.arm_cfft_q31), (8 bytes).
    Removing transformfunctions.o(.text.arm_radix4_butterfly_inverse_q31), (1174 bytes).
    Removing transformfunctions.o(.ARM.exidx.text.arm_radix4_butterfly_inverse_q31), (8 bytes).
    Removing transformfunctions.o(.text.arm_cfft_radix4by2_inverse_q31), (292 bytes).
    Removing transformfunctions.o(.ARM.exidx.text.arm_cfft_radix4by2_inverse_q31), (8 bytes).
    Removing transformfunctions.o(.text.arm_radix4_butterfly_q31), (1174 bytes).
    Removing transformfunctions.o(.ARM.exidx.text.arm_radix4_butterfly_q31), (8 bytes).
    Removing transformfunctions.o(.text.arm_cfft_radix4by2_q31), (292 bytes).
    Removing transformfunctions.o(.ARM.exidx.text.arm_cfft_radix4by2_q31), (8 bytes).
    Removing transformfunctions.o(.text.arm_cfft_init_f32), (176 bytes).
    Removing transformfunctions.o(.ARM.exidx.text.arm_cfft_init_f32), (8 bytes).
    Removing transformfunctions.o(.text.arm_cfft_init_f64), (176 bytes).
    Removing transformfunctions.o(.ARM.exidx.text.arm_cfft_init_f64), (8 bytes).
    Removing transformfunctions.o(.text.arm_cfft_init_q15), (176 bytes).
    Removing transformfunctions.o(.ARM.exidx.text.arm_cfft_init_q15), (8 bytes).
    Removing transformfunctions.o(.text.arm_cfft_init_q31), (176 bytes).
    Removing transformfunctions.o(.ARM.exidx.text.arm_cfft_init_q31), (8 bytes).
    Removing transformfunctions.o(.text.arm_cfft_radix2_f32), (60 bytes).
    Removing transformfunctions.o(.ARM.exidx.text.arm_cfft_radix2_f32), (8 bytes).
    Removing transformfunctions.o(.text.arm_radix2_butterfly_inverse_f32), (396 bytes).
    Removing transformfunctions.o(.ARM.exidx.text.arm_radix2_butterfly_inverse_f32), (8 bytes).
    Removing transformfunctions.o(.text.arm_radix2_butterfly_f32), (242 bytes).
    Removing transformfunctions.o(.ARM.exidx.text.arm_radix2_butterfly_f32), (8 bytes).
    Removing transformfunctions.o(.text.arm_cfft_radix2_q15), (46 bytes).
    Removing transformfunctions.o(.ARM.exidx.text.arm_cfft_radix2_q15), (8 bytes).
    Removing transformfunctions.o(.text.arm_radix2_butterfly_inverse_q15), (512 bytes).
    Removing transformfunctions.o(.ARM.exidx.text.arm_radix2_butterfly_inverse_q15), (8 bytes).
    Removing transformfunctions.o(.text.arm_radix2_butterfly_q15), (514 bytes).
    Removing transformfunctions.o(.ARM.exidx.text.arm_radix2_butterfly_q15), (8 bytes).
    Removing transformfunctions.o(.text.arm_cfft_radix2_q31), (46 bytes).
    Removing transformfunctions.o(.ARM.exidx.text.arm_cfft_radix2_q31), (8 bytes).
    Removing transformfunctions.o(.text.arm_radix2_butterfly_inverse_q31), (630 bytes).
    Removing transformfunctions.o(.ARM.exidx.text.arm_radix2_butterfly_inverse_q31), (8 bytes).
    Removing transformfunctions.o(.text.arm_radix2_butterfly_q31), (624 bytes).
    Removing transformfunctions.o(.ARM.exidx.text.arm_radix2_butterfly_q31), (8 bytes).
    Removing transformfunctions.o(.text.arm_cfft_radix4_f32), (60 bytes).
    Removing transformfunctions.o(.ARM.exidx.text.arm_cfft_radix4_f32), (8 bytes).
    Removing transformfunctions.o(.text.arm_radix4_butterfly_inverse_f32), (900 bytes).
    Removing transformfunctions.o(.ARM.exidx.text.arm_radix4_butterfly_inverse_f32), (8 bytes).
    Removing transformfunctions.o(.text.arm_radix4_butterfly_f32), (584 bytes).
    Removing transformfunctions.o(.ARM.exidx.text.arm_radix4_butterfly_f32), (8 bytes).
    Removing transformfunctions.o(.text.arm_cfft_radix4_q15), (52 bytes).
    Removing transformfunctions.o(.ARM.exidx.text.arm_cfft_radix4_q15), (8 bytes).
    Removing transformfunctions.o(.text.arm_cfft_radix4_q31), (52 bytes).
    Removing transformfunctions.o(.ARM.exidx.text.arm_cfft_radix4_q31), (8 bytes).
    Removing transformfunctions.o(.text.stage_rfft_f32), (286 bytes).
    Removing transformfunctions.o(.ARM.exidx.text.stage_rfft_f32), (8 bytes).
    Removing transformfunctions.o(.text.merge_rfft_f32), (252 bytes).
    Removing transformfunctions.o(.ARM.exidx.text.merge_rfft_f32), (8 bytes).
    Removing transformfunctions.o(.text.arm_rfft_fast_f32), (68 bytes).
    Removing transformfunctions.o(.ARM.exidx.text.arm_rfft_fast_f32), (8 bytes).
    Removing transformfunctions.o(.text.stage_rfft_f64), (372 bytes).
    Removing transformfunctions.o(.ARM.exidx.text.stage_rfft_f64), (8 bytes).
    Removing transformfunctions.o(.text.merge_rfft_f64), (352 bytes).
    Removing transformfunctions.o(.ARM.exidx.text.merge_rfft_f64), (8 bytes).
    Removing transformfunctions.o(.text.arm_rfft_fast_f64), (74 bytes).
    Removing transformfunctions.o(.ARM.exidx.text.arm_rfft_fast_f64), (8 bytes).
    Removing transformfunctions.o(.text.arm_rfft_fast_init_f32), (160 bytes).
    Removing transformfunctions.o(.ARM.exidx.text.arm_rfft_fast_init_f32), (8 bytes).
    Removing transformfunctions.o(.text.arm_rfft_4096_fast_init_f32), (48 bytes).
    Removing transformfunctions.o(.ARM.exidx.text.arm_rfft_4096_fast_init_f32), (8 bytes).
    Removing transformfunctions.o(.text.arm_rfft_2048_fast_init_f32), (48 bytes).
    Removing transformfunctions.o(.ARM.exidx.text.arm_rfft_2048_fast_init_f32), (8 bytes).
    Removing transformfunctions.o(.text.arm_rfft_1024_fast_init_f32), (48 bytes).
    Removing transformfunctions.o(.ARM.exidx.text.arm_rfft_1024_fast_init_f32), (8 bytes).
    Removing transformfunctions.o(.text.arm_rfft_512_fast_init_f32), (48 bytes).
    Removing transformfunctions.o(.ARM.exidx.text.arm_rfft_512_fast_init_f32), (8 bytes).
    Removing transformfunctions.o(.text.arm_rfft_256_fast_init_f32), (48 bytes).
    Removing transformfunctions.o(.ARM.exidx.text.arm_rfft_256_fast_init_f32), (8 bytes).
    Removing transformfunctions.o(.text.arm_rfft_128_fast_init_f32), (48 bytes).
    Removing transformfunctions.o(.ARM.exidx.text.arm_rfft_128_fast_init_f32), (8 bytes).
    Removing transformfunctions.o(.text.arm_rfft_64_fast_init_f32), (48 bytes).
    Removing transformfunctions.o(.ARM.exidx.text.arm_rfft_64_fast_init_f32), (8 bytes).
    Removing transformfunctions.o(.text.arm_rfft_32_fast_init_f32), (48 bytes).
    Removing transformfunctions.o(.ARM.exidx.text.arm_rfft_32_fast_init_f32), (8 bytes).
    Removing transformfunctions.o(.text.arm_rfft_fast_init_f64), (160 bytes).
    Removing transformfunctions.o(.ARM.exidx.text.arm_rfft_fast_init_f64), (8 bytes).
    Removing transformfunctions.o(.text.arm_rfft_4096_fast_init_f64), (56 bytes).
    Removing transformfunctions.o(.ARM.exidx.text.arm_rfft_4096_fast_init_f64), (8 bytes).
    Removing transformfunctions.o(.text.arm_rfft_2048_fast_init_f64), (56 bytes).
    Removing transformfunctions.o(.ARM.exidx.text.arm_rfft_2048_fast_init_f64), (8 bytes).
    Removing transformfunctions.o(.text.arm_rfft_1024_fast_init_f64), (56 bytes).
    Removing transformfunctions.o(.ARM.exidx.text.arm_rfft_1024_fast_init_f64), (8 bytes).
    Removing transformfunctions.o(.text.arm_rfft_512_fast_init_f64), (56 bytes).
    Removing transformfunctions.o(.ARM.exidx.text.arm_rfft_512_fast_init_f64), (8 bytes).
    Removing transformfunctions.o(.text.arm_rfft_256_fast_init_f64), (56 bytes).
    Removing transformfunctions.o(.ARM.exidx.text.arm_rfft_256_fast_init_f64), (8 bytes).
    Removing transformfunctions.o(.text.arm_rfft_128_fast_init_f64), (52 bytes).
    Removing transformfunctions.o(.ARM.exidx.text.arm_rfft_128_fast_init_f64), (8 bytes).
    Removing transformfunctions.o(.text.arm_rfft_64_fast_init_f64), (52 bytes).
    Removing transformfunctions.o(.ARM.exidx.text.arm_rfft_64_fast_init_f64), (8 bytes).
    Removing transformfunctions.o(.text.arm_rfft_32_fast_init_f64), (52 bytes).
    Removing transformfunctions.o(.ARM.exidx.text.arm_rfft_32_fast_init_f64), (8 bytes).
    Removing transformfunctions.o(.text.arm_mfcc_init_f32), (38 bytes).
    Removing transformfunctions.o(.ARM.exidx.text.arm_mfcc_init_f32), (8 bytes).
    Removing transformfunctions.o(.text.arm_mfcc_f32), (208 bytes).
    Removing transformfunctions.o(.ARM.exidx.text.arm_mfcc_f32), (8 bytes).
    Removing transformfunctions.o(.text.arm_mfcc_init_q31), (40 bytes).
    Removing transformfunctions.o(.ARM.exidx.text.arm_mfcc_init_q31), (8 bytes).
    Removing transformfunctions.o(.text.arm_rfft_init_q31), (208 bytes).
    Removing transformfunctions.o(.ARM.exidx.text.arm_rfft_init_q31), (8 bytes).
    Removing transformfunctions.o(.text.arm_mfcc_q31), (404 bytes).
    Removing transformfunctions.o(.ARM.exidx.text.arm_mfcc_q31), (8 bytes).
    Removing transformfunctions.o(.text.arm_rfft_q31), (100 bytes).
    Removing transformfunctions.o(.ARM.exidx.text.arm_rfft_q31), (8 bytes).
    Removing transformfunctions.o(.text.arm_mfcc_init_q15), (40 bytes).
    Removing transformfunctions.o(.ARM.exidx.text.arm_mfcc_init_q15), (8 bytes).
    Removing transformfunctions.o(.text.arm_rfft_init_q15), (208 bytes).
    Removing transformfunctions.o(.ARM.exidx.text.arm_rfft_init_q15), (8 bytes).
    Removing transformfunctions.o(.text.arm_mfcc_q15), (452 bytes).
    Removing transformfunctions.o(.ARM.exidx.text.arm_mfcc_q15), (8 bytes).
    Removing transformfunctions.o(.text.arm_rfft_q15), (100 bytes).
    Removing transformfunctions.o(.ARM.exidx.text.arm_rfft_q15), (8 bytes).
    Removing transformfunctions.o(.text.arm_dct4_f32), (166 bytes).
    Removing transformfunctions.o(.ARM.exidx.text.arm_dct4_f32), (8 bytes).
    Removing transformfunctions.o(.text.arm_rfft_f32), (126 bytes).
    Removing transformfunctions.o(.ARM.exidx.text.arm_rfft_f32), (8 bytes).
    Removing transformfunctions.o(.text.arm_dct4_init_f32), (140 bytes).
    Removing transformfunctions.o(.ARM.exidx.text.arm_dct4_init_f32), (8 bytes).
    Removing transformfunctions.o(.text.arm_rfft_init_f32), (116 bytes).
    Removing transformfunctions.o(.ARM.exidx.text.arm_rfft_init_f32), (8 bytes).
    Removing transformfunctions.o(.text.arm_dct4_init_q15), (132 bytes).
    Removing transformfunctions.o(.ARM.exidx.text.arm_dct4_init_q15), (8 bytes).
    Removing transformfunctions.o(.text.arm_dct4_init_q31), (132 bytes).
    Removing transformfunctions.o(.ARM.exidx.text.arm_dct4_init_q31), (8 bytes).
    Removing transformfunctions.o(.text.arm_dct4_q15), (176 bytes).
    Removing transformfunctions.o(.ARM.exidx.text.arm_dct4_q15), (8 bytes).
    Removing transformfunctions.o(.text.arm_dct4_q31), (172 bytes).
    Removing transformfunctions.o(.ARM.exidx.text.arm_dct4_q31), (8 bytes).
    Removing transformfunctions.o(.text.arm_split_rifft_f32), (218 bytes).
    Removing transformfunctions.o(.ARM.exidx.text.arm_split_rifft_f32), (8 bytes).
    Removing transformfunctions.o(.text.arm_split_rfft_f32), (308 bytes).
    Removing transformfunctions.o(.ARM.exidx.text.arm_split_rfft_f32), (8 bytes).
    Removing transformfunctions.o(.text.arm_split_rifft_q15), (162 bytes).
    Removing transformfunctions.o(.ARM.exidx.text.arm_split_rifft_q15), (8 bytes).
    Removing transformfunctions.o(.text.arm_split_rfft_q15), (254 bytes).
    Removing transformfunctions.o(.ARM.exidx.text.arm_split_rfft_q15), (8 bytes).
    Removing transformfunctions.o(.text.arm_split_rifft_q31), (316 bytes).
    Removing transformfunctions.o(.ARM.exidx.text.arm_split_rifft_q31), (8 bytes).
    Removing transformfunctions.o(.text.arm_split_rfft_q31), (406 bytes).
    Removing transformfunctions.o(.ARM.exidx.text.arm_split_rfft_q31), (8 bytes).
    Removing transformfunctions.o(.text.arm_cfft_radix4_init_f32), (132 bytes).
    Removing transformfunctions.o(.ARM.exidx.text.arm_cfft_radix4_init_f32), (8 bytes).
    Removing transformfunctions.o(.text.arm_cfft_radix4_init_q15), (108 bytes).
    Removing transformfunctions.o(.ARM.exidx.text.arm_cfft_radix4_init_q15), (8 bytes).
    Removing transformfunctions.o(.text.arm_cfft_radix4_init_q31), (108 bytes).
    Removing transformfunctions.o(.ARM.exidx.text.arm_cfft_radix4_init_q31), (8 bytes).
    Removing transformfunctions.o(.text.arm_cfft_radix2_init_f32), (216 bytes).
    Removing transformfunctions.o(.ARM.exidx.text.arm_cfft_radix2_init_f32), (8 bytes).
    Removing transformfunctions.o(.text.arm_cfft_radix2_init_q15), (176 bytes).
    Removing transformfunctions.o(.ARM.exidx.text.arm_cfft_radix2_init_q15), (8 bytes).
    Removing transformfunctions.o(.text.arm_cfft_radix2_init_q31), (176 bytes).
    Removing transformfunctions.o(.ARM.exidx.text.arm_cfft_radix2_init_q31), (8 bytes).
    Removing transformfunctionsf16.o(.text), (0 bytes).
    Removing transformfunctionsf16.o(.text.arm_cfft_f16), (288 bytes).
    Removing transformfunctionsf16.o(.ARM.exidx.text.arm_cfft_f16), (8 bytes).
    Removing transformfunctionsf16.o(.text.arm_radix4_butterfly_f16), (766 bytes).
    Removing transformfunctionsf16.o(.ARM.exidx.text.arm_radix4_butterfly_f16), (8 bytes).
    Removing transformfunctionsf16.o(.text.arm_cfft_radix4by2_f16), (262 bytes).
    Removing transformfunctionsf16.o(.ARM.exidx.text.arm_cfft_radix4by2_f16), (8 bytes).
    Removing transformfunctionsf16.o(.text.arm_cfft_init_f16), (176 bytes).
    Removing transformfunctionsf16.o(.ARM.exidx.text.arm_cfft_init_f16), (8 bytes).
    Removing transformfunctionsf16.o(.text.arm_cfft_radix2_f16), (60 bytes).
    Removing transformfunctionsf16.o(.ARM.exidx.text.arm_cfft_radix2_f16), (8 bytes).
    Removing transformfunctionsf16.o(.text.arm_radix2_butterfly_inverse_f16), (520 bytes).
    Removing transformfunctionsf16.o(.ARM.exidx.text.arm_radix2_butterfly_inverse_f16), (8 bytes).
    Removing transformfunctionsf16.o(.text.arm_radix2_butterfly_f16), (302 bytes).
    Removing transformfunctionsf16.o(.ARM.exidx.text.arm_radix2_butterfly_f16), (8 bytes).
    Removing transformfunctionsf16.o(.text.arm_bitreversal_f16), (270 bytes).
    Removing transformfunctionsf16.o(.ARM.exidx.text.arm_bitreversal_f16), (8 bytes).
    Removing transformfunctionsf16.o(.text.arm_cfft_radix4_f16), (60 bytes).
    Removing transformfunctionsf16.o(.ARM.exidx.text.arm_cfft_radix4_f16), (8 bytes).
    Removing transformfunctionsf16.o(.text.arm_radix4_butterfly_inverse_f16), (1236 bytes).
    Removing transformfunctionsf16.o(.ARM.exidx.text.arm_radix4_butterfly_inverse_f16), (8 bytes).
    Removing transformfunctionsf16.o(.text.arm_rfft_fast_init_f16), (160 bytes).
    Removing transformfunctionsf16.o(.ARM.exidx.text.arm_rfft_fast_init_f16), (8 bytes).
    Removing transformfunctionsf16.o(.text.arm_rfft_4096_fast_init_f16), (48 bytes).
    Removing transformfunctionsf16.o(.ARM.exidx.text.arm_rfft_4096_fast_init_f16), (8 bytes).
    Removing transformfunctionsf16.o(.text.arm_rfft_2048_fast_init_f16), (48 bytes).
    Removing transformfunctionsf16.o(.ARM.exidx.text.arm_rfft_2048_fast_init_f16), (8 bytes).
    Removing transformfunctionsf16.o(.text.arm_rfft_1024_fast_init_f16), (48 bytes).
    Removing transformfunctionsf16.o(.ARM.exidx.text.arm_rfft_1024_fast_init_f16), (8 bytes).
    Removing transformfunctionsf16.o(.text.arm_rfft_512_fast_init_f16), (48 bytes).
    Removing transformfunctionsf16.o(.ARM.exidx.text.arm_rfft_512_fast_init_f16), (8 bytes).
    Removing transformfunctionsf16.o(.text.arm_rfft_256_fast_init_f16), (48 bytes).
    Removing transformfunctionsf16.o(.ARM.exidx.text.arm_rfft_256_fast_init_f16), (8 bytes).
    Removing transformfunctionsf16.o(.text.arm_rfft_128_fast_init_f16), (48 bytes).
    Removing transformfunctionsf16.o(.ARM.exidx.text.arm_rfft_128_fast_init_f16), (8 bytes).
    Removing transformfunctionsf16.o(.text.arm_rfft_64_fast_init_f16), (48 bytes).
    Removing transformfunctionsf16.o(.ARM.exidx.text.arm_rfft_64_fast_init_f16), (8 bytes).
    Removing transformfunctionsf16.o(.text.arm_rfft_32_fast_init_f16), (48 bytes).
    Removing transformfunctionsf16.o(.ARM.exidx.text.arm_rfft_32_fast_init_f16), (8 bytes).
    Removing transformfunctionsf16.o(.text.stage_rfft_f16), (352 bytes).
    Removing transformfunctionsf16.o(.ARM.exidx.text.stage_rfft_f16), (8 bytes).
    Removing transformfunctionsf16.o(.text.merge_rfft_f16), (338 bytes).
    Removing transformfunctionsf16.o(.ARM.exidx.text.merge_rfft_f16), (8 bytes).
    Removing transformfunctionsf16.o(.text.arm_rfft_fast_f16), (68 bytes).
    Removing transformfunctionsf16.o(.ARM.exidx.text.arm_rfft_fast_f16), (8 bytes).
    Removing transformfunctionsf16.o(.text.arm_radix8_butterfly_f16), (2676 bytes).
    Removing transformfunctionsf16.o(.ARM.exidx.text.arm_radix8_butterfly_f16), (8 bytes).
    Removing transformfunctionsf16.o(.text.arm_mfcc_init_f16), (38 bytes).
    Removing transformfunctionsf16.o(.ARM.exidx.text.arm_mfcc_init_f16), (8 bytes).
    Removing transformfunctionsf16.o(.text.arm_mfcc_f16), (272 bytes).
    Removing transformfunctionsf16.o(.ARM.exidx.text.arm_mfcc_f16), (8 bytes).
    Removing transformfunctionsf16.o(.text.arm_cfft_radix2_init_f16), (208 bytes).
    Removing transformfunctionsf16.o(.ARM.exidx.text.arm_cfft_radix2_init_f16), (8 bytes).
    Removing transformfunctionsf16.o(.text.arm_cfft_radix4_init_f16), (132 bytes).
    Removing transformfunctionsf16.o(.ARM.exidx.text.arm_cfft_radix4_init_f16), (8 bytes).
    Removing system_mkl25z4.o(.text), (0 bytes).
    Removing system_mkl25z4.o(.ARM.exidx.text.SystemInit), (8 bytes).
    Removing system_mkl25z4.o(.text.SystemCoreClockUpdate), (272 bytes).
    Removing system_mkl25z4.o(.ARM.exidx.text.SystemCoreClockUpdate), (8 bytes).
    Removing system_mkl25z4.o(.data.SystemCoreClock), (4 bytes).

1588 unused section(s) (total 1091534 bytes) removed from the image.

==============================================================================

Image Symbol Table

    Local Symbols

    Symbol Name                              Value     Ov Type        Size  Object(Section)

    ../clib/../cmprslib/zerorunl2.c          0x00000000   Number         0  __dczerorl2.o ABSOLUTE
    ../clib/angel/boardlib.s                 0x00000000   Number         0  boardinit1.o ABSOLUTE
    ../clib/angel/boardlib.s                 0x00000000   Number         0  boardinit2.o ABSOLUTE
    ../clib/angel/boardlib.s                 0x00000000   Number         0  boardinit3.o ABSOLUTE
    ../clib/angel/boardlib.s                 0x00000000   Number         0  boardshut.o ABSOLUTE
    ../clib/angel/handlers.s                 0x00000000   Number         0  __scatter_zi.o ABSOLUTE
    ../clib/angel/kernel.s                   0x00000000   Number         0  __rtentry.o ABSOLUTE
    ../clib/angel/kernel.s                   0x00000000   Number         0  __rtentry2.o ABSOLUTE
    ../clib/angel/kernel.s                   0x00000000   Number         0  __rtentry4.o ABSOLUTE
    ../clib/angel/kernel.s                   0x00000000   Number         0  rtexit.o ABSOLUTE
    ../clib/angel/kernel.s                   0x00000000   Number         0  rtexit2.o ABSOLUTE
    ../clib/angel/rt.s                       0x00000000   Number         0  aeabi_idiv0.o ABSOLUTE
    ../clib/angel/rt.s                       0x00000000   Number         0  aeabi_idiv0_sigfpe.o ABSOLUTE
    ../clib/angel/rt.s                       0x00000000   Number         0  aeabi_ldiv0.o ABSOLUTE
    ../clib/angel/rt.s                       0x00000000   Number         0  aeabi_ldiv0_sigfpe.o ABSOLUTE
    ../clib/angel/rt.s                       0x00000000   Number         0  rt_div0.o ABSOLUTE
    ../clib/angel/rt.s                       0x00000000   Number         0  rt_errno_addr.o ABSOLUTE
    ../clib/angel/rt.s                       0x00000000   Number         0  rt_errno_addr_intlibspace.o ABSOLUTE
    ../clib/angel/rt.s                       0x00000000   Number         0  rt_raise.o ABSOLUTE
    ../clib/angel/scatterp.s                 0x00000000   Number         0  __scatter.o ABSOLUTE
    ../clib/angel/startup.s                  0x00000000   Number         0  __main.o ABSOLUTE
    ../clib/angel/sys.s                      0x00000000   Number         0  libspace.o ABSOLUTE
    ../clib/angel/sys.s                      0x00000000   Number         0  sys_stackheap_outer.o ABSOLUTE
    ../clib/angel/sys.s                      0x00000000   Number         0  tempstk.o ABSOLUTE
    ../clib/angel/sys.s                      0x00000000   Number         0  use_no_semi.o ABSOLUTE
    ../clib/angel/sys.s                      0x00000000   Number         0  indicate_semi.o ABSOLUTE
    ../clib/angel/sysapp.c                   0x00000000   Number         0  sys_command.o ABSOLUTE
    ../clib/angel/sysapp.c                   0x00000000   Number         0  sys_command_hlt.o ABSOLUTE
    ../clib/angel/sysapp.c                   0x00000000   Number         0  sys_exit.o ABSOLUTE
    ../clib/angel/sysapp.c                   0x00000000   Number         0  sys_exit_hlt.o ABSOLUTE
    ../clib/angel/sysapp.c                   0x00000000   Number         0  sys_wrch.o ABSOLUTE
    ../clib/angel/sysapp.c                   0x00000000   Number         0  sys_wrch_hlt.o ABSOLUTE
    ../clib/armsys.c                         0x00000000   Number         0  argv_veneer.o ABSOLUTE
    ../clib/armsys.c                         0x00000000   Number         0  _get_argv_nomalloc.o ABSOLUTE
    ../clib/armsys.c                         0x00000000   Number         0  no_argv.o ABSOLUTE
    ../clib/division.c                       0x00000000   Number         0  llsdiv.o ABSOLUTE
    ../clib/division.c                       0x00000000   Number         0  lludiv.o ABSOLUTE
    ../clib/division.s                       0x00000000   Number         0  aeabi_sdivfast.o ABSOLUTE
    ../clib/division.s                       0x00000000   Number         0  aeabi_sdivfast_div0.o ABSOLUTE
    ../clib/fenv.c                           0x00000000   Number         0  _rserrno.o ABSOLUTE
    ../clib/heapalloc.c                      0x00000000   Number         0  hrguard.o ABSOLUTE
    ../clib/heapaux.c                        0x00000000   Number         0  heapauxi.o ABSOLUTE
    ../clib/libinit.s                        0x00000000   Number         0  libinit2.o ABSOLUTE
    ../clib/libinit.s                        0x00000000   Number         0  libinit.o ABSOLUTE
    ../clib/libinit.s                        0x00000000   Number         0  libshutdown.o ABSOLUTE
    ../clib/libinit.s                        0x00000000   Number         0  libshutdown2.o ABSOLUTE
    ../clib/longlong.c                       0x00000000   Number         0  llshl.o ABSOLUTE
    ../clib/longlong.c                       0x00000000   Number         0  llsshr.o ABSOLUTE
    ../clib/longlong.c                       0x00000000   Number         0  llmul.o ABSOLUTE
    ../clib/memcpset.c                       0x00000000   Number         0  rt_memcpy.o ABSOLUTE
    ../clib/memcpset.c                       0x00000000   Number         0  rt_memcpy.o ABSOLUTE
    ../clib/memcpset.c                       0x00000000   Number         0  aeabi_memset.o ABSOLUTE
    ../clib/memcpset.c                       0x00000000   Number         0  rt_memclr.o ABSOLUTE
    ../clib/signal.c                         0x00000000   Number         0  defsig_fpe_outer.o ABSOLUTE
    ../clib/signal.c                         0x00000000   Number         0  defsig_fpe_formal.o ABSOLUTE
    ../clib/signal.c                         0x00000000   Number         0  defsig_exit.o ABSOLUTE
    ../clib/signal.c                         0x00000000   Number         0  defsig_fpe_inner.o ABSOLUTE
    ../clib/signal.c                         0x00000000   Number         0  defsig_rtmem_outer.o ABSOLUTE
    ../clib/signal.c                         0x00000000   Number         0  defsig_rtmem_formal.o ABSOLUTE
    ../clib/signal.c                         0x00000000   Number         0  __raise.o ABSOLUTE
    ../clib/signal.c                         0x00000000   Number         0  defsig_general.o ABSOLUTE
    ../clib/signal.c                         0x00000000   Number         0  defsig_rtmem_inner.o ABSOLUTE
    ../clib/signal.c                         0x00000000   Number         0  defsig_abrt_inner.o ABSOLUTE
    ../clib/signal.c                         0x00000000   Number         0  defsig_rtred_inner.o ABSOLUTE
    ../clib/signal.c                         0x00000000   Number         0  defsig_stak_inner.o ABSOLUTE
    ../clib/signal.c                         0x00000000   Number         0  defsig_pvfn_inner.o ABSOLUTE
    ../clib/signal.c                         0x00000000   Number         0  defsig_cppl_inner.o ABSOLUTE
    ../clib/signal.c                         0x00000000   Number         0  defsig_segv_inner.o ABSOLUTE
    ../clib/signal.c                         0x00000000   Number         0  defsig_other.o ABSOLUTE
    ../clib/signal.s                         0x00000000   Number         0  defsig.o ABSOLUTE
    ../clib/stdlib.c                         0x00000000   Number         0  rand.o ABSOLUTE
    ../clib/stdlib.c                         0x00000000   Number         0  rand.o ABSOLUTE
    ../clib/stdlib.c                         0x00000000   Number         0  exit.o ABSOLUTE
    ../fplib/cfplib/cmp.c                    0x00000000   Number         0  dcmp.o ABSOLUTE
    ../fplib/cfplib/cmp.c                    0x00000000   Number         0  fcmp.o ABSOLUTE
    ../fplib/cfplib/cmpret.c                 0x00000000   Number         0  cmpret.o ABSOLUTE
    ../fplib/cfplib/d2f.c                    0x00000000   Number         0  d2f.o ABSOLUTE
    ../fplib/cfplib/daddsub.c                0x00000000   Number         0  daddsub.o ABSOLUTE
    ../fplib/cfplib/dcmpin.c                 0x00000000   Number         0  dcmpin.o ABSOLUTE
    ../fplib/cfplib/ddiv.c                   0x00000000   Number         0  ddiv.o ABSOLUTE
    ../fplib/cfplib/dmul.c                   0x00000000   Number         0  dmul.o ABSOLUTE
    ../fplib/cfplib/dsqrt.c                  0x00000000   Number         0  dsqrt.o ABSOLUTE
    ../fplib/cfplib/f2d.c                    0x00000000   Number         0  f2d.o ABSOLUTE
    ../fplib/cfplib/f2h.c                    0x00000000   Number         0  f2h.o ABSOLUTE
    ../fplib/cfplib/fcmpin.c                 0x00000000   Number         0  fcmpin.o ABSOLUTE
    ../fplib/cfplib/fdiv.c                   0x00000000   Number         0  fdiv.o ABSOLUTE
    ../fplib/cfplib/ffix.c                   0x00000000   Number         0  ffixi.o ABSOLUTE
    ../fplib/cfplib/ffix.c                   0x00000000   Number         0  ffixl.o ABSOLUTE
    ../fplib/cfplib/ffix.c                   0x00000000   Number         0  dfixi.o ABSOLUTE
    ../fplib/cfplib/ffix.c                   0x00000000   Number         0  ffixir.o ABSOLUTE
    ../fplib/cfplib/fflt.c                   0x00000000   Number         0  dflti.o ABSOLUTE
    ../fplib/cfplib/fflt.c                   0x00000000   Number         0  fflti.o ABSOLUTE
    ../fplib/cfplib/fpinit.c                 0x00000000   Number         0  fpinit.o ABSOLUTE
    ../fplib/cfplib/frnd.c                   0x00000000   Number         0  frnd.o ABSOLUTE
    ../fplib/cfplib/fsqrt.c                  0x00000000   Number         0  fsqrt.o ABSOLUTE
    ../fplib/cfplib/h2f.c                    0x00000000   Number         0  h2f.o ABSOLUTE
    ../fplib/cfplib/ieee_status.c            0x00000000   Number         0  ieee_status.o ABSOLUTE
    ../fplib/cfplib/nan2.c                   0x00000000   Number         0  dnan2.o ABSOLUTE
    ../fplib/cfplib/nan2.c                   0x00000000   Number         0  fnan2.o ABSOLUTE
    ../fplib/cfplib/retnan.c                 0x00000000   Number         0  retnan.o ABSOLUTE
    ../fplib/cfplib/scalbn.c                 0x00000000   Number         0  dscalbn.o ABSOLUTE
    ../fplib/cfplib/scalbn.c                 0x00000000   Number         0  fscalbn.o ABSOLUTE
    ../fplib/deqf6m.s                        0x00000000   Number         0  deqf.o ABSOLUTE
    ../fplib/dgeqf6m.s                       0x00000000   Number         0  dgef.o ABSOLUTE
    ../fplib/dleqf6m.s                       0x00000000   Number         0  dlef.o ABSOLUTE
    ../fplib/drleqf6m.s                      0x00000000   Number         0  drlef.o ABSOLUTE
    ../fplib/faddsub6m.s                     0x00000000   Number         0  faddsub.o ABSOLUTE
    ../fplib/feqf6m.s                        0x00000000   Number         0  feqf.o ABSOLUTE
    ../fplib/fgeqf6m.s                       0x00000000   Number         0  fgef.o ABSOLUTE
    ../fplib/fleqf6m.s                       0x00000000   Number         0  flef.o ABSOLUTE
    ../fplib/fmul6m.s                        0x00000000   Number         0  fmul.o ABSOLUTE
    ../fplib/usenofp.s                       0x00000000   Number         0  usenofp.o ABSOLUTE
    ../mathlib/dunder.c                      0x00000000   Number         0  dunder.o ABSOLUTE
    ../mathlib/exp.c                         0x00000000   Number         0  exp.o ABSOLUTE
    ../mathlib/expf.c                        0x00000000   Number         0  expf.o ABSOLUTE
    ../mathlib/floorf.c                      0x00000000   Number         0  floorf.o ABSOLUTE
    ../mathlib/fpclassify.c                  0x00000000   Number         0  fpclassify.o ABSOLUTE
    ../mathlib/fpclassifyf.c                 0x00000000   Number         0  fpclassifyf.o ABSOLUTE
    ../mathlib/funder.c                      0x00000000   Number         0  funder.o ABSOLUTE
    ../mathlib/log.c                         0x00000000   Number         0  log.o ABSOLUTE
    ../mathlib/logf.c                        0x00000000   Number         0  logf.o ABSOLUTE
    ../mathlib/poly.c                        0x00000000   Number         0  poly.o ABSOLUTE
    ../mathlib/powf.c                        0x00000000   Number         0  powf.o ABSOLUTE
    ../mathlib/qnan.c                        0x00000000   Number         0  qnan.o ABSOLUTE
    ../mathlib/sqrt.c                        0x00000000   Number         0  sqrt.o ABSOLUTE
    ../mathlib/sqrtf.c                       0x00000000   Number         0  sqrtf.o ABSOLUTE
    ../mathlib/tanhf.c                       0x00000000   Number         0  tanhf.o ABSOLUTE
    BasicMathFunctions.c                     0x00000000   Number         0  basicmathfunctions.o ABSOLUTE
    BasicMathFunctionsF16.c                  0x00000000   Number         0  basicmathfunctionsf16.o ABSOLUTE
    BayesFunctions.c                         0x00000000   Number         0  bayesfunctions.o ABSOLUTE
    BayesFunctionsF16.c                      0x00000000   Number         0  bayesfunctionsf16.o ABSOLUTE
    CommonTables.c                           0x00000000   Number         0  commontables.o ABSOLUTE
    CommonTablesF16.c                        0x00000000   Number         0  commontablesf16.o ABSOLUTE
    ComplexMathFunctions.c                   0x00000000   Number         0  complexmathfunctions.o ABSOLUTE
    ComplexMathFunctionsF16.c                0x00000000   Number         0  complexmathfunctionsf16.o ABSOLUTE
    ControllerFunctions.c                    0x00000000   Number         0  controllerfunctions.o ABSOLUTE
    DistanceFunctions.c                      0x00000000   Number         0  distancefunctions.o ABSOLUTE
    DistanceFunctionsF16.c                   0x00000000   Number         0  distancefunctionsf16.o ABSOLUTE
    FastMathFunctions.c                      0x00000000   Number         0  fastmathfunctions.o ABSOLUTE
    FastMathFunctionsF16.c                   0x00000000   Number         0  fastmathfunctionsf16.o ABSOLUTE
    FilteringFunctions.c                     0x00000000   Number         0  filteringfunctions.o ABSOLUTE
    FilteringFunctionsF16.c                  0x00000000   Number         0  filteringfunctionsf16.o ABSOLUTE
    InterpolationFunctions.c                 0x00000000   Number         0  interpolationfunctions.o ABSOLUTE
    InterpolationFunctionsF16.c              0x00000000   Number         0  interpolationfunctionsf16.o ABSOLUTE
    MatrixFunctions.c                        0x00000000   Number         0  matrixfunctions.o ABSOLUTE
    MatrixFunctionsF16.c                     0x00000000   Number         0  matrixfunctionsf16.o ABSOLUTE
    QuaternionMathFunctions.c                0x00000000   Number         0  quaternionmathfunctions.o ABSOLUTE
    RTE/Device/MKL25Z128xxx4/startup_MKL25Z4.s 0x00000000   Number         0  startup_mkl25z4.o ABSOLUTE
    SVMFunctions.c                           0x00000000   Number         0  svmfunctions.o ABSOLUTE
    SVMFunctionsF16.c                        0x00000000   Number         0  svmfunctionsf16.o ABSOLUTE
    StatisticsFunctions.c                    0x00000000   Number         0  statisticsfunctions.o ABSOLUTE
    StatisticsFunctionsF16.c                 0x00000000   Number         0  statisticsfunctionsf16.o ABSOLUTE
    SupportFunctions.c                       0x00000000   Number         0  supportfunctions.o ABSOLUTE
    SupportFunctionsF16.c                    0x00000000   Number         0  supportfunctionsf16.o ABSOLUTE
    TransformFunctions.c                     0x00000000   Number         0  transformfunctions.o ABSOLUTE
    TransformFunctionsF16.c                  0x00000000   Number         0  transformfunctionsf16.o ABSOLUTE
    dc.s                                     0x00000000   Number         0  dc.o ABSOLUTE
    pacman.c                                 0x00000000   Number         0  pacman.o ABSOLUTE
    system_MKL25Z4.c                         0x00000000   Number         0  system_mkl25z4.o ABSOLUTE
    RESET                                    0x00000000   Section      192  startup_mkl25z4.o(RESET)
    !!!main                                  0x000000c0   Section        8  __main.o(!!!main)
    !!!scatter                               0x000000c8   Section       60  __scatter.o(!!!scatter)
    !!handler_zi                             0x00000104   Section       28  __scatter_zi.o(!!handler_zi)
    .ARM.Collect$$libinit$$00000000          0x00000120   Section        2  libinit.o(.ARM.Collect$$libinit$$00000000)
    .ARM.Collect$$libinit$$00000002          0x00000122   Section        0  libinit2.o(.ARM.Collect$$libinit$$00000002)
    .ARM.Collect$$libinit$$00000004          0x00000122   Section        0  libinit2.o(.ARM.Collect$$libinit$$00000004)
    .ARM.Collect$$libinit$$0000000A          0x00000122   Section        0  libinit2.o(.ARM.Collect$$libinit$$0000000A)
    .ARM.Collect$$libinit$$0000000C          0x00000122   Section        0  libinit2.o(.ARM.Collect$$libinit$$0000000C)
    .ARM.Collect$$libinit$$0000000D          0x00000122   Section        4  libinit2.o(.ARM.Collect$$libinit$$0000000D)
    .ARM.Collect$$libinit$$0000000E          0x00000126   Section        0  libinit2.o(.ARM.Collect$$libinit$$0000000E)
    .ARM.Collect$$libinit$$00000011          0x00000126   Section        0  libinit2.o(.ARM.Collect$$libinit$$00000011)
    .ARM.Collect$$libinit$$00000013          0x00000126   Section        0  libinit2.o(.ARM.Collect$$libinit$$00000013)
    .ARM.Collect$$libinit$$00000015          0x00000126   Section        0  libinit2.o(.ARM.Collect$$libinit$$00000015)
    .ARM.Collect$$libinit$$00000017          0x00000126   Section        0  libinit2.o(.ARM.Collect$$libinit$$00000017)
    .ARM.Collect$$libinit$$00000019          0x00000126   Section        0  libinit2.o(.ARM.Collect$$libinit$$00000019)
    .ARM.Collect$$libinit$$0000001B          0x00000126   Section        0  libinit2.o(.ARM.Collect$$libinit$$0000001B)
    .ARM.Collect$$libinit$$0000001D          0x00000126   Section        0  libinit2.o(.ARM.Collect$$libinit$$0000001D)
    .ARM.Collect$$libinit$$0000001F          0x00000126   Section        0  libinit2.o(.ARM.Collect$$libinit$$0000001F)
    .ARM.Collect$$libinit$$00000021          0x00000126   Section        0  libinit2.o(.ARM.Collect$$libinit$$00000021)
    .ARM.Collect$$libinit$$00000023          0x00000126   Section        0  libinit2.o(.ARM.Collect$$libinit$$00000023)
    .ARM.Collect$$libinit$$00000025          0x00000126   Section        0  libinit2.o(.ARM.Collect$$libinit$$00000025)
    .ARM.Collect$$libinit$$0000002C          0x00000126   Section        0  libinit2.o(.ARM.Collect$$libinit$$0000002C)
    .ARM.Collect$$libinit$$0000002E          0x00000126   Section        0  libinit2.o(.ARM.Collect$$libinit$$0000002E)
    .ARM.Collect$$libinit$$00000030          0x00000126   Section        0  libinit2.o(.ARM.Collect$$libinit$$00000030)
    .ARM.Collect$$libinit$$00000032          0x00000126   Section        0  libinit2.o(.ARM.Collect$$libinit$$00000032)
    .ARM.Collect$$libinit$$00000033          0x00000126   Section        2  libinit2.o(.ARM.Collect$$libinit$$00000033)
    .ARM.Collect$$libshutdown$$00000000      0x00000128   Section        2  libshutdown.o(.ARM.Collect$$libshutdown$$00000000)
    .ARM.Collect$$libshutdown$$00000002      0x0000012a   Section        0  libshutdown2.o(.ARM.Collect$$libshutdown$$00000002)
    .ARM.Collect$$libshutdown$$00000004      0x0000012a   Section        0  libshutdown2.o(.ARM.Collect$$libshutdown$$00000004)
    .ARM.Collect$$libshutdown$$00000007      0x0000012a   Section        0  libshutdown2.o(.ARM.Collect$$libshutdown$$00000007)
    .ARM.Collect$$libshutdown$$0000000A      0x0000012a   Section        0  libshutdown2.o(.ARM.Collect$$libshutdown$$0000000A)
    .ARM.Collect$$libshutdown$$0000000C      0x0000012a   Section        0  libshutdown2.o(.ARM.Collect$$libshutdown$$0000000C)
    .ARM.Collect$$libshutdown$$0000000F      0x0000012a   Section        0  libshutdown2.o(.ARM.Collect$$libshutdown$$0000000F)
    .ARM.Collect$$libshutdown$$00000010      0x0000012a   Section        2  libshutdown2.o(.ARM.Collect$$libshutdown$$00000010)
    .ARM.Collect$$rtentry$$00000000          0x0000012c   Section        0  __rtentry.o(.ARM.Collect$$rtentry$$00000000)
    .ARM.Collect$$rtentry$$00000002          0x0000012c   Section        0  __rtentry2.o(.ARM.Collect$$rtentry$$00000002)
    .ARM.Collect$$rtentry$$00000004          0x0000012c   Section        6  __rtentry4.o(.ARM.Collect$$rtentry$$00000004)
    .ARM.Collect$$rtentry$$00000009          0x00000132   Section        0  __rtentry2.o(.ARM.Collect$$rtentry$$00000009)
    .ARM.Collect$$rtentry$$0000000A          0x00000132   Section        4  __rtentry2.o(.ARM.Collect$$rtentry$$0000000A)
    .ARM.Collect$$rtentry$$0000000C          0x00000136   Section        0  __rtentry2.o(.ARM.Collect$$rtentry$$0000000C)
    .ARM.Collect$$rtentry$$0000000D          0x00000136   Section        8  __rtentry2.o(.ARM.Collect$$rtentry$$0000000D)
    .ARM.Collect$$rtexit$$00000000           0x0000013e   Section        2  rtexit.o(.ARM.Collect$$rtexit$$00000000)
    .ARM.Collect$$rtexit$$00000002           0x00000140   Section        0  rtexit2.o(.ARM.Collect$$rtexit$$00000002)
    .ARM.Collect$$rtexit$$00000003           0x00000140   Section        4  rtexit2.o(.ARM.Collect$$rtexit$$00000003)
    .ARM.Collect$$rtexit$$00000004           0x00000144   Section        6  rtexit2.o(.ARM.Collect$$rtexit$$00000004)
    .emb_text                                0x0000014c   Section       56  rand.o(.emb_text)
    .text                                    0x00000184   Section       64  startup_mkl25z4.o(.text)
    .text                                    0x000001c4   Section        0  rand.o(.text)
    .text                                    0x00000200   Section      504  aeabi_sdivfast.o(.text)
    .text                                    0x000003f8   Section        0  heapauxi.o(.text)
    .text                                    0x000003fe   Section        2  use_no_semi.o(.text)
    .ARM.__at_0x400                          0x00000400   Section       16  startup_mkl25z4.o(.ARM.__at_0x400)
    .text                                    0x00000410   Section        8  libspace.o(.text)
    .text                                    0x00000418   Section       62  sys_stackheap_outer.o(.text)
    .text                                    0x00000456   Section        0  exit.o(.text)
    .text                                    0x00000468   Section        0  sys_exit.o(.text)
    .text                                    0x00000474   Section        0  indicate_semi.o(.text)
    .text                                    0x00000474   Section        0  __dczerorl2.o(.text)
    [Anonymous Symbol]                       0x000004cc   Section        0  pacman.o(.text.ADC0_init)
    __arm_cp.3_1                             0x00000500   Number         4  pacman.o(.text.ADC0_init)
    __arm_cp.3_2                             0x00000504   Number         4  pacman.o(.text.ADC0_init)
    [Anonymous Symbol]                       0x00000508   Section        0  pacman.o(.text.Delay)
    [Anonymous Symbol]                       0x0000051a   Section        0  pacman.o(.text.GLCD_clear)
    [Anonymous Symbol]                       0x00000534   Section        0  pacman.o(.text.GLCD_command_write)
    __arm_cp.5_0                             0x00000544   Number         4  pacman.o(.text.GLCD_command_write)
    [Anonymous Symbol]                       0x00000548   Section        0  pacman.o(.text.GLCD_data_write)
    __arm_cp.22_0                            0x00000558   Number         4  pacman.o(.text.GLCD_data_write)
    [Anonymous Symbol]                       0x0000055c   Section        0  pacman.o(.text.GLCD_init)
    [Anonymous Symbol]                       0x00000590   Section        0  pacman.o(.text.GLCD_putchar)
    __arm_cp.8_0                             0x000005a8   Number         4  pacman.o(.text.GLCD_putchar)
    [Anonymous Symbol]                       0x000005ac   Section        0  pacman.o(.text.GLCD_setCursor)
    [Anonymous Symbol]                       0x000005c4   Section        0  pacman.o(.text.GLCD_writeLetter)
    __arm_cp.7_0                             0x000005dc   Number         4  pacman.o(.text.GLCD_writeLetter)
    [Anonymous Symbol]                       0x000005e0   Section        0  pacman.o(.text.SPI0_init)
    __arm_cp.23_0                            0x00000644   Number         4  pacman.o(.text.SPI0_init)
    __arm_cp.23_1                            0x00000648   Number         4  pacman.o(.text.SPI0_init)
    __arm_cp.23_2                            0x0000064c   Number         4  pacman.o(.text.SPI0_init)
    __arm_cp.23_3                            0x00000650   Number         4  pacman.o(.text.SPI0_init)
    __arm_cp.23_4                            0x00000654   Number         4  pacman.o(.text.SPI0_init)
    [Anonymous Symbol]                       0x00000658   Section        0  pacman.o(.text.SPI0_write)
    __arm_cp.24_0                            0x00000684   Number         4  pacman.o(.text.SPI0_write)
    __arm_cp.24_1                            0x00000688   Number         4  pacman.o(.text.SPI0_write)
    [Anonymous Symbol]                       0x0000068c   Section        0  system_mkl25z4.o(.text.SystemInit)
    __arm_cp.0_0                             0x00000694   Number         4  system_mkl25z4.o(.text.SystemInit)
    [Anonymous Symbol]                       0x00000698   Section        0  pacman.o(.text.draw_middlewall)
    [Anonymous Symbol]                       0x000006e2   Section        0  pacman.o(.text.draw_middlewall2)
    [Anonymous Symbol]                       0x0000072c   Section        0  pacman.o(.text.draw_pacman)
    [Anonymous Symbol]                       0x00000758   Section        0  pacman.o(.text.draw_sagaltkenar)
    [Anonymous Symbol]                       0x0000077e   Section        0  pacman.o(.text.draw_sagkenar)
    [Anonymous Symbol]                       0x000007a4   Section        0  pacman.o(.text.draw_solaltkenar)
    [Anonymous Symbol]                       0x000007ca   Section        0  pacman.o(.text.draw_solkenar)
    [Anonymous Symbol]                       0x000007f0   Section        0  pacman.o(.text.eat_pacman)
    __arm_cp.18_0                            0x00000804   Number         4  pacman.o(.text.eat_pacman)
    [Anonymous Symbol]                       0x00000808   Section        0  pacman.o(.text.game_over_ghost)
    [Anonymous Symbol]                       0x0000090e   Section        0  pacman.o(.text.game_over_pacman)
    [Anonymous Symbol]                       0x00000a24   Section        0  pacman.o(.text.initialize_timer)
    __arm_cp.4_0                             0x00000a54   Number         4  pacman.o(.text.initialize_timer)
    __arm_cp.4_1                             0x00000a58   Number         4  pacman.o(.text.initialize_timer)
    __arm_cp.4_2                             0x00000a5c   Number         4  pacman.o(.text.initialize_timer)
    [Anonymous Symbol]                       0x00000a60   Section        0  pacman.o(.text.main)
    __arm_cp.0_105                           0x00001538   Number         4  pacman.o(.text.main)
    __arm_cp.0_360                           0x00002734   Number         4  pacman.o(.text.main)
    __arm_cp.0_363                           0x00002740   Number         4  pacman.o(.text.main)
    __arm_cp.0_364                           0x00002744   Number         4  pacman.o(.text.main)
    __arm_cp.0_373                           0x0000274c   Number         4  pacman.o(.text.main)
    __arm_cp.0_184                           0x000027a0   Number         4  pacman.o(.text.main)
    __arm_cp.0_188                           0x000027a8   Number         4  pacman.o(.text.main)
    __arm_cp.0_240                           0x000030fc   Number         4  pacman.o(.text.main)
    __arm_cp.0_242                           0x00003104   Number         4  pacman.o(.text.main)
    __arm_cp.0_288                           0x00003e1c   Number         4  pacman.o(.text.main)
    __arm_cp.0_369                           0x00004d88   Number         4  pacman.o(.text.main)
    __arm_cp.0_370                           0x00004d8c   Number         4  pacman.o(.text.main)
    __arm_cp.0_371                           0x00004d90   Number         4  pacman.o(.text.main)
    __arm_cp.0_339                           0x00004db4   Number         4  pacman.o(.text.main)
    __arm_cp.0_340                           0x00004db8   Number         4  pacman.o(.text.main)
    __arm_cp.0_341                           0x00004dbc   Number         4  pacman.o(.text.main)
    __arm_cp.0_342                           0x00004dc0   Number         4  pacman.o(.text.main)
    __arm_cp.0_343                           0x00004dc4   Number         4  pacman.o(.text.main)
    __arm_cp.0_344                           0x00004dc8   Number         4  pacman.o(.text.main)
    __arm_cp.0_345                           0x00004dcc   Number         4  pacman.o(.text.main)
    __arm_cp.0_346                           0x00004dd0   Number         4  pacman.o(.text.main)
    __arm_cp.0_347                           0x00004dd4   Number         4  pacman.o(.text.main)
    __arm_cp.0_348                           0x00004dd8   Number         4  pacman.o(.text.main)
    __arm_cp.0_349                           0x00004ddc   Number         4  pacman.o(.text.main)
    __arm_cp.0_350                           0x00004de0   Number         4  pacman.o(.text.main)
    __arm_cp.0_351                           0x00004de4   Number         4  pacman.o(.text.main)
    __arm_cp.0_352                           0x00004de8   Number         4  pacman.o(.text.main)
    __arm_cp.0_353                           0x00004e90   Number         4  pacman.o(.text.main)
    __arm_cp.0_354                           0x00004e94   Number         4  pacman.o(.text.main)
    __arm_cp.0_355                           0x00004f0c   Number         4  pacman.o(.text.main)
    __arm_cp.0_356                           0x00004f10   Number         4  pacman.o(.text.main)
    __arm_cp.0_357                           0x00004fb0   Number         4  pacman.o(.text.main)
    __arm_cp.0_358                           0x00004fb4   Number         4  pacman.o(.text.main)
    __arm_cp.0_359                           0x00005384   Number         4  pacman.o(.text.main)
    __arm_cp.0_375                           0x00005440   Number         4  pacman.o(.text.main)
    __arm_cp.0_3                             0x00005444   Number         4  pacman.o(.text.main)
    __arm_cp.0_25                            0x00005448   Number         4  pacman.o(.text.main)
    __arm_cp.0_26                            0x0000544c   Number         4  pacman.o(.text.main)
    __arm_cp.0_27                            0x00005450   Number         4  pacman.o(.text.main)
    __arm_cp.0_28                            0x00005454   Number         4  pacman.o(.text.main)
    __arm_cp.0_29                            0x00005458   Number         4  pacman.o(.text.main)
    __arm_cp.0_30                            0x0000545c   Number         4  pacman.o(.text.main)
    __arm_cp.0_31                            0x00005460   Number         4  pacman.o(.text.main)
    __arm_cp.0_32                            0x00005464   Number         4  pacman.o(.text.main)
    __arm_cp.0_33                            0x00005468   Number         4  pacman.o(.text.main)
    __arm_cp.0_34                            0x0000546c   Number         4  pacman.o(.text.main)
    __arm_cp.0_35                            0x00005470   Number         4  pacman.o(.text.main)
    __arm_cp.0_36                            0x00005474   Number         4  pacman.o(.text.main)
    .bss                                     0x1ffff160   Section      228  rand.o(.bss)
    .bss                                     0x1ffff244   Section       96  libspace.o(.bss)
    Heap_Mem                                 0x1ffff2d0   Data           0  startup_mkl25z4.o(HEAP)
    Stack_Mem                                0x1ffff2d0   Data         256  startup_mkl25z4.o(STACK)
    HEAP                                     0x1ffff2d0   Section        0  startup_mkl25z4.o(HEAP)
    STACK                                    0x1ffff2d0   Section      256  startup_mkl25z4.o(STACK)
    __initial_sp                             0x1ffff3d0   Data           0  startup_mkl25z4.o(STACK)

    Global Symbols

    Symbol Name                              Value     Ov Type        Size  Object(Section)

    BuildAttributes$$THM_ISAv3M$S$PE$A:L22$X:L11$S22$IEEE1$IW$~IW$USESV6$~STKCKD$USESV7$~SHL$OTIME$ROPI$IEEEX$EBA8$UX$STANDARDLIB$REQ8$PRES8$EABIv2 0x00000000   Number         0  anon$$obj.o ABSOLUTE
    __Vectors                                0x00000000   Data           4  startup_mkl25z4.o(RESET)
    __ARM_exceptions_init                     - Undefined Weak Reference
    __alloca_initialize                       - Undefined Weak Reference
    __arm_preinit_                            - Undefined Weak Reference
    __cpp_initialize__aeabi_                  - Undefined Weak Reference
    __cxa_finalize                            - Undefined Weak Reference
    __rt_locale                               - Undefined Weak Reference
    __sigvec_lookup                           - Undefined Weak Reference
    _atexit_init                              - Undefined Weak Reference
    _call_atexit_fns                          - Undefined Weak Reference
    _clock_init                               - Undefined Weak Reference
    _fp_trap_init                             - Undefined Weak Reference
    _fp_trap_shutdown                         - Undefined Weak Reference
    _get_lc_collate                           - Undefined Weak Reference
    _get_lc_ctype                             - Undefined Weak Reference
    _get_lc_monetary                          - Undefined Weak Reference
    _get_lc_numeric                           - Undefined Weak Reference
    _get_lc_time                              - Undefined Weak Reference
    _getenv_init                              - Undefined Weak Reference
    _handle_redirection                       - Undefined Weak Reference
    _init_alloc                               - Undefined Weak Reference
    _init_user_alloc                          - Undefined Weak Reference
    _initio                                   - Undefined Weak Reference
    _signal_finish                            - Undefined Weak Reference
    _signal_init                              - Undefined Weak Reference
    _terminate_alloc                          - Undefined Weak Reference
    _terminate_user_alloc                     - Undefined Weak Reference
    _terminateio                              - Undefined Weak Reference
    __Vectors_End                            0x000000c0   Data           0  startup_mkl25z4.o(RESET)
    __Vectors_Size                           0x000000c0   Number         0  startup_mkl25z4.o ABSOLUTE
    __main                                   0x000000c1   Thumb Code     8  __main.o(!!!main)
    __scatterload                            0x000000c9   Thumb Code     0  __scatter.o(!!!scatter)
    __scatterload_rt2                        0x000000c9   Thumb Code    52  __scatter.o(!!!scatter)
    __scatterload_rt2_thumb_only             0x000000c9   Thumb Code     0  __scatter.o(!!!scatter)
    __scatterload_null                       0x000000d9   Thumb Code     0  __scatter.o(!!!scatter)
    __scatterload_zeroinit                   0x00000105   Thumb Code    28  __scatter_zi.o(!!handler_zi)
    __rt_lib_init                            0x00000121   Thumb Code     0  libinit.o(.ARM.Collect$$libinit$$00000000)
    __rt_lib_init_fp_1                       0x00000123   Thumb Code     0  libinit2.o(.ARM.Collect$$libinit$$00000002)
    __rt_lib_init_heap_1                     0x00000123   Thumb Code     0  libinit2.o(.ARM.Collect$$libinit$$0000000A)
    __rt_lib_init_preinit_1                  0x00000123   Thumb Code     0  libinit2.o(.ARM.Collect$$libinit$$00000004)
    __rt_lib_init_rand_2                     0x00000123   Thumb Code     0  libinit2.o(.ARM.Collect$$libinit$$0000000D)
    __rt_lib_init_user_alloc_1               0x00000123   Thumb Code     0  libinit2.o(.ARM.Collect$$libinit$$0000000C)
    __rt_lib_init_alloca_1                   0x00000127   Thumb Code     0  libinit2.o(.ARM.Collect$$libinit$$0000002E)
    __rt_lib_init_argv_1                     0x00000127   Thumb Code     0  libinit2.o(.ARM.Collect$$libinit$$0000002C)
    __rt_lib_init_atexit_1                   0x00000127   Thumb Code     0  libinit2.o(.ARM.Collect$$libinit$$0000001B)
    __rt_lib_init_clock_1                    0x00000127   Thumb Code     0  libinit2.o(.ARM.Collect$$libinit$$00000021)
    __rt_lib_init_cpp_1                      0x00000127   Thumb Code     0  libinit2.o(.ARM.Collect$$libinit$$00000032)
    __rt_lib_init_exceptions_1               0x00000127   Thumb Code     0  libinit2.o(.ARM.Collect$$libinit$$00000030)
    __rt_lib_init_fp_trap_1                  0x00000127   Thumb Code     0  libinit2.o(.ARM.Collect$$libinit$$0000001F)
    __rt_lib_init_getenv_1                   0x00000127   Thumb Code     0  libinit2.o(.ARM.Collect$$libinit$$00000023)
    __rt_lib_init_lc_collate_1               0x00000127   Thumb Code     0  libinit2.o(.ARM.Collect$$libinit$$00000011)
    __rt_lib_init_lc_ctype_1                 0x00000127   Thumb Code     0  libinit2.o(.ARM.Collect$$libinit$$00000013)
    __rt_lib_init_lc_monetary_1              0x00000127   Thumb Code     0  libinit2.o(.ARM.Collect$$libinit$$00000015)
    __rt_lib_init_lc_numeric_1               0x00000127   Thumb Code     0  libinit2.o(.ARM.Collect$$libinit$$00000017)
    __rt_lib_init_lc_time_1                  0x00000127   Thumb Code     0  libinit2.o(.ARM.Collect$$libinit$$00000019)
    __rt_lib_init_rand_1                     0x00000127   Thumb Code     0  libinit2.o(.ARM.Collect$$libinit$$0000000E)
    __rt_lib_init_return                     0x00000127   Thumb Code     0  libinit2.o(.ARM.Collect$$libinit$$00000033)
    __rt_lib_init_signal_1                   0x00000127   Thumb Code     0  libinit2.o(.ARM.Collect$$libinit$$0000001D)
    __rt_lib_init_stdio_1                    0x00000127   Thumb Code     0  libinit2.o(.ARM.Collect$$libinit$$00000025)
    __rt_lib_shutdown                        0x00000129   Thumb Code     0  libshutdown.o(.ARM.Collect$$libshutdown$$00000000)
    __rt_lib_shutdown_cpp_1                  0x0000012b   Thumb Code     0  libshutdown2.o(.ARM.Collect$$libshutdown$$00000002)
    __rt_lib_shutdown_fp_trap_1              0x0000012b   Thumb Code     0  libshutdown2.o(.ARM.Collect$$libshutdown$$00000007)
    __rt_lib_shutdown_heap_1                 0x0000012b   Thumb Code     0  libshutdown2.o(.ARM.Collect$$libshutdown$$0000000F)
    __rt_lib_shutdown_return                 0x0000012b   Thumb Code     0  libshutdown2.o(.ARM.Collect$$libshutdown$$00000010)
    __rt_lib_shutdown_signal_1               0x0000012b   Thumb Code     0  libshutdown2.o(.ARM.Collect$$libshutdown$$0000000A)
    __rt_lib_shutdown_stdio_1                0x0000012b   Thumb Code     0  libshutdown2.o(.ARM.Collect$$libshutdown$$00000004)
    __rt_lib_shutdown_user_alloc_1           0x0000012b   Thumb Code     0  libshutdown2.o(.ARM.Collect$$libshutdown$$0000000C)
    __rt_entry                               0x0000012d   Thumb Code     0  __rtentry.o(.ARM.Collect$$rtentry$$00000000)
    __rt_entry_presh_1                       0x0000012d   Thumb Code     0  __rtentry2.o(.ARM.Collect$$rtentry$$00000002)
    __rt_entry_sh                            0x0000012d   Thumb Code     0  __rtentry4.o(.ARM.Collect$$rtentry$$00000004)
    __rt_entry_li                            0x00000133   Thumb Code     0  __rtentry2.o(.ARM.Collect$$rtentry$$0000000A)
    __rt_entry_postsh_1                      0x00000133   Thumb Code     0  __rtentry2.o(.ARM.Collect$$rtentry$$00000009)
    __rt_entry_main                          0x00000137   Thumb Code     0  __rtentry2.o(.ARM.Collect$$rtentry$$0000000D)
    __rt_entry_postli_1                      0x00000137   Thumb Code     0  __rtentry2.o(.ARM.Collect$$rtentry$$0000000C)
    __rt_exit                                0x0000013f   Thumb Code     0  rtexit.o(.ARM.Collect$$rtexit$$00000000)
    __rt_exit_ls                             0x00000141   Thumb Code     0  rtexit2.o(.ARM.Collect$$rtexit$$00000003)
    __rt_exit_prels_1                        0x00000141   Thumb Code     0  rtexit2.o(.ARM.Collect$$rtexit$$00000002)
    __rt_exit_exit                           0x00000145   Thumb Code     0  rtexit2.o(.ARM.Collect$$rtexit$$00000004)
    rand                                     0x0000014d   Thumb Code    52  rand.o(.emb_text)
    Reset_Handler                            0x00000185   Thumb Code    12  startup_mkl25z4.o(.text)
    NMI_Handler                              0x00000191   Thumb Code     2  startup_mkl25z4.o(.text)
    HardFault_Handler                        0x00000193   Thumb Code     2  startup_mkl25z4.o(.text)
    SVC_Handler                              0x00000195   Thumb Code     2  startup_mkl25z4.o(.text)
    PendSV_Handler                           0x00000197   Thumb Code     2  startup_mkl25z4.o(.text)
    SysTick_Handler                          0x00000199   Thumb Code     2  startup_mkl25z4.o(.text)
    ADC0_IRQHandler                          0x0000019b   Thumb Code     0  startup_mkl25z4.o(.text)
    CMP0_IRQHandler                          0x0000019b   Thumb Code     0  startup_mkl25z4.o(.text)
    DAC0_IRQHandler                          0x0000019b   Thumb Code     0  startup_mkl25z4.o(.text)
    DMA0_IRQHandler                          0x0000019b   Thumb Code     0  startup_mkl25z4.o(.text)
    DMA1_IRQHandler                          0x0000019b   Thumb Code     0  startup_mkl25z4.o(.text)
    DMA2_IRQHandler                          0x0000019b   Thumb Code     0  startup_mkl25z4.o(.text)
    DMA3_IRQHandler                          0x0000019b   Thumb Code     0  startup_mkl25z4.o(.text)
    DefaultISR                               0x0000019b   Thumb Code     0  startup_mkl25z4.o(.text)
    FTFA_IRQHandler                          0x0000019b   Thumb Code     0  startup_mkl25z4.o(.text)
    I2C0_IRQHandler                          0x0000019b   Thumb Code     0  startup_mkl25z4.o(.text)
    I2C1_IRQHandler                          0x0000019b   Thumb Code     0  startup_mkl25z4.o(.text)
    LLWU_IRQHandler                          0x0000019b   Thumb Code     0  startup_mkl25z4.o(.text)
    LPTMR0_IRQHandler                        0x0000019b   Thumb Code     0  startup_mkl25z4.o(.text)
    LVD_LVW_IRQHandler                       0x0000019b   Thumb Code     0  startup_mkl25z4.o(.text)
    MCG_IRQHandler                           0x0000019b   Thumb Code     0  startup_mkl25z4.o(.text)
    PIT_IRQHandler                           0x0000019b   Thumb Code     0  startup_mkl25z4.o(.text)
    PORTA_IRQHandler                         0x0000019b   Thumb Code     0  startup_mkl25z4.o(.text)
    PORTD_IRQHandler                         0x0000019b   Thumb Code     0  startup_mkl25z4.o(.text)
    RTC_IRQHandler                           0x0000019b   Thumb Code     0  startup_mkl25z4.o(.text)
    RTC_Seconds_IRQHandler                   0x0000019b   Thumb Code     0  startup_mkl25z4.o(.text)
    Reserved20_IRQHandler                    0x0000019b   Thumb Code     0  startup_mkl25z4.o(.text)
    Reserved39_IRQHandler                    0x0000019b   Thumb Code     0  startup_mkl25z4.o(.text)
    Reserved45_IRQHandler                    0x0000019b   Thumb Code     0  startup_mkl25z4.o(.text)
    SPI0_IRQHandler                          0x0000019b   Thumb Code     0  startup_mkl25z4.o(.text)
    SPI1_IRQHandler                          0x0000019b   Thumb Code     0  startup_mkl25z4.o(.text)
    TPM0_IRQHandler                          0x0000019b   Thumb Code     0  startup_mkl25z4.o(.text)
    TPM1_IRQHandler                          0x0000019b   Thumb Code     0  startup_mkl25z4.o(.text)
    TPM2_IRQHandler                          0x0000019b   Thumb Code     0  startup_mkl25z4.o(.text)
    TSI0_IRQHandler                          0x0000019b   Thumb Code     0  startup_mkl25z4.o(.text)
    UART0_IRQHandler                         0x0000019b   Thumb Code     0  startup_mkl25z4.o(.text)
    UART1_IRQHandler                         0x0000019b   Thumb Code     0  startup_mkl25z4.o(.text)
    UART2_IRQHandler                         0x0000019b   Thumb Code     0  startup_mkl25z4.o(.text)
    USB0_IRQHandler                          0x0000019b   Thumb Code     0  startup_mkl25z4.o(.text)
    __user_initial_stackheap                 0x000001a1   Thumb Code     0  startup_mkl25z4.o(.text)
    srand                                    0x000001c5   Thumb Code    44  rand.o(.text)
    _rand_init                               0x000001f1   Thumb Code     4  rand.o(.text)
    __aeabi_uidivmod                         0x00000201   Thumb Code    28  aeabi_sdivfast.o(.text)
    __aeabi_idivmod                          0x0000021d   Thumb Code   472  aeabi_sdivfast.o(.text)
    __use_two_region_memory                  0x000003f9   Thumb Code     2  heapauxi.o(.text)
    __rt_heap_escrow$2region                 0x000003fb   Thumb Code     2  heapauxi.o(.text)
    __rt_heap_expand$2region                 0x000003fd   Thumb Code     2  heapauxi.o(.text)
    __I$use$semihosting                      0x000003ff   Thumb Code     0  use_no_semi.o(.text)
    __use_no_semihosting_swi                 0x000003ff   Thumb Code     2  use_no_semi.o(.text)
    __user_libspace                          0x00000411   Thumb Code     8  libspace.o(.text)
    __user_perproc_libspace                  0x00000411   Thumb Code     0  libspace.o(.text)
    __user_perthread_libspace                0x00000411   Thumb Code     0  libspace.o(.text)
    __user_setup_stackheap                   0x00000419   Thumb Code    62  sys_stackheap_outer.o(.text)
    exit                                     0x00000457   Thumb Code    16  exit.o(.text)
    _sys_exit                                0x00000469   Thumb Code     8  sys_exit.o(.text)
    __decompress                             0x00000475   Thumb Code     0  __dczerorl2.o(.text)
    __decompress1                            0x00000475   Thumb Code    86  __dczerorl2.o(.text)
    __semihosting_library_function           0x00000475   Thumb Code     0  indicate_semi.o(.text)
    ADC0_init                                0x000004cd   Thumb Code    52  pacman.o(.text.ADC0_init)
    Delay                                    0x00000509   Thumb Code    18  pacman.o(.text.Delay)
    GLCD_clear                               0x0000051b   Thumb Code    26  pacman.o(.text.GLCD_clear)
    GLCD_command_write                       0x00000535   Thumb Code    16  pacman.o(.text.GLCD_command_write)
    GLCD_data_write                          0x00000549   Thumb Code    16  pacman.o(.text.GLCD_data_write)
    GLCD_init                                0x0000055d   Thumb Code    52  pacman.o(.text.GLCD_init)
    GLCD_putchar                             0x00000591   Thumb Code    24  pacman.o(.text.GLCD_putchar)
    GLCD_setCursor                           0x000005ad   Thumb Code    22  pacman.o(.text.GLCD_setCursor)
    GLCD_writeLetter                         0x000005c5   Thumb Code    24  pacman.o(.text.GLCD_writeLetter)
    SPI0_init                                0x000005e1   Thumb Code   100  pacman.o(.text.SPI0_init)
    SPI0_write                               0x00000659   Thumb Code    44  pacman.o(.text.SPI0_write)
    SystemInit                               0x0000068d   Thumb Code     8  system_mkl25z4.o(.text.SystemInit)
    draw_middlewall                          0x00000699   Thumb Code    74  pacman.o(.text.draw_middlewall)
    draw_middlewall2                         0x000006e3   Thumb Code    74  pacman.o(.text.draw_middlewall2)
    draw_pacman                              0x0000072d   Thumb Code    44  pacman.o(.text.draw_pacman)
    draw_sagaltkenar                         0x00000759   Thumb Code    38  pacman.o(.text.draw_sagaltkenar)
    draw_sagkenar                            0x0000077f   Thumb Code    38  pacman.o(.text.draw_sagkenar)
    draw_solaltkenar                         0x000007a5   Thumb Code    38  pacman.o(.text.draw_solaltkenar)
    draw_solkenar                            0x000007cb   Thumb Code    38  pacman.o(.text.draw_solkenar)
    eat_pacman                               0x000007f1   Thumb Code    20  pacman.o(.text.eat_pacman)
    game_over_ghost                          0x00000809   Thumb Code   262  pacman.o(.text.game_over_ghost)
    game_over_pacman                         0x0000090f   Thumb Code   276  pacman.o(.text.game_over_pacman)
    initialize_timer                         0x00000a25   Thumb Code    48  pacman.o(.text.initialize_timer)
    main                                     0x00000a61   Thumb Code 18912  pacman.o(.text.main)
    Region$$Table$$Base                      0x00005478   Number         0  anon$$obj.o(Region$$Table)
    Region$$Table$$Limit                     0x00005498   Number         0  anon$$obj.o(Region$$Table)
    b11x                                     0x1ffff000   Data           4  pacman.o(.data.b11x)
    b11y                                     0x1ffff004   Data           4  pacman.o(.data.b11y)
    b12x                                     0x1ffff008   Data           4  pacman.o(.data.b12x)
    b12y                                     0x1ffff00c   Data           4  pacman.o(.data.b12y)
    b18x                                     0x1ffff010   Data           4  pacman.o(.data.b18x)
    b18y                                     0x1ffff014   Data           4  pacman.o(.data.b18y)
    b1x                                      0x1ffff018   Data           4  pacman.o(.data.b1x)
    b1y                                      0x1ffff01c   Data           4  pacman.o(.data.b1y)
    b20x                                     0x1ffff020   Data           4  pacman.o(.data.b20x)
    b20y                                     0x1ffff024   Data           4  pacman.o(.data.b20y)
    b23x                                     0x1ffff028   Data           4  pacman.o(.data.b23x)
    b24x                                     0x1ffff02c   Data           4  pacman.o(.data.b24x)
    b24y                                     0x1ffff030   Data           4  pacman.o(.data.b24y)
    b28x                                     0x1ffff034   Data           4  pacman.o(.data.b28x)
    b28y                                     0x1ffff038   Data           4  pacman.o(.data.b28y)
    b29x                                     0x1ffff03c   Data           4  pacman.o(.data.b29x)
    b30x                                     0x1ffff040   Data           4  pacman.o(.data.b30x)
    b30y                                     0x1ffff044   Data           4  pacman.o(.data.b30y)
    b32x                                     0x1ffff048   Data           4  pacman.o(.data.b32x)
    b32y                                     0x1ffff04c   Data           4  pacman.o(.data.b32y)
    b34x                                     0x1ffff050   Data           4  pacman.o(.data.b34x)
    b34y                                     0x1ffff054   Data           4  pacman.o(.data.b34y)
    b3x                                      0x1ffff058   Data           4  pacman.o(.data.b3x)
    b3y                                      0x1ffff05c   Data           4  pacman.o(.data.b3y)
    b5x                                      0x1ffff060   Data           4  pacman.o(.data.b5x)
    b5y                                      0x1ffff064   Data           4  pacman.o(.data.b5y)
    b7x                                      0x1ffff068   Data           4  pacman.o(.data.b7x)
    b7y                                      0x1ffff06c   Data           4  pacman.o(.data.b7y)
    b9x                                      0x1ffff070   Data           4  pacman.o(.data.b9x)
    b9y                                      0x1ffff074   Data           4  pacman.o(.data.b9y)
    foodamount                               0x1ffff078   Data           4  pacman.o(.data.foodamount)
    game_table                               0x1ffff07c   Data          88  pacman.o(.data.game_table)
    letters                                  0x1ffff0d4   Data         120  pacman.o(.data.letters)
    msTime                                   0x1ffff14c   Data           4  pacman.o(.data.msTime)
    x                                        0x1ffff150   Data           4  pacman.o(.data.x)
    x2                                       0x1ffff154   Data           4  pacman.o(.data.x2)
    y                                        0x1ffff158   Data           4  pacman.o(.data.y)
    y2                                       0x1ffff15c   Data           4  pacman.o(.data.y2)
    _random_number_data                      0x1ffff160   Data         228  rand.o(.bss)
    __libspace_start                         0x1ffff244   Data          96  libspace.o(.bss)
    __temporary_stack_top$libspace           0x1ffff2a4   Data           0  libspace.o(.bss)
    b23y                                     0x1ffff2a4   Data           4  pacman.o(.bss.b23y)
    b29y                                     0x1ffff2a8   Data           4  pacman.o(.bss.b29y)
    food1x                                   0x1ffff2ac   Data           4  pacman.o(.bss.food1x)
    food1y                                   0x1ffff2b0   Data           4  pacman.o(.bss.food1y)
    food2x                                   0x1ffff2b4   Data           4  pacman.o(.bss.food2x)
    food2y                                   0x1ffff2b8   Data           4  pacman.o(.bss.food2y)
    xold                                     0x1ffff2bc   Data           4  pacman.o(.bss.xold)
    xold2                                    0x1ffff2c0   Data           4  pacman.o(.bss.xold2)
    yold                                     0x1ffff2c4   Data           4  pacman.o(.bss.yold)
    yold2                                    0x1ffff2c8   Data           4  pacman.o(.bss.yold2)



==============================================================================

Memory Map of the image

  Image Entry point : 0x00000185

  Load Region LR_1 (Base: 0x00000000, Size: 0x000055f8, Max: 0xffffffff, ABSOLUTE, COMPRESSED[0x00005584])

    Execution Region ER_RO (Exec base: 0x00000000, Load base: 0x00000000, Size: 0x00005498, Max: 0xffffffff, ABSOLUTE)

    Exec Addr    Load Addr    Size         Type   Attr      Idx    E Section Name        Object

    0x00000000   0x00000000   0x000000c0   Data   RO         1852    RESET               startup_mkl25z4.o
    0x000000c0   0x000000c0   0x00000008   Code   RO         1910  * !!!main             c_p.l(__main.o)
    0x000000c8   0x000000c8   0x0000003c   Code   RO         2275    !!!scatter          c_p.l(__scatter.o)
    0x00000104   0x00000104   0x0000001c   Code   RO         2277    !!handler_zi        c_p.l(__scatter_zi.o)
    0x00000120   0x00000120   0x00000002   Code   RO         2184    .ARM.Collect$$libinit$$00000000  c_p.l(libinit.o)
    0x00000122   0x00000122   0x00000000   Code   RO         2023    .ARM.Collect$$libinit$$00000002  c_p.l(libinit2.o)
    0x00000122   0x00000122   0x00000000   Code   RO         2025    .ARM.Collect$$libinit$$00000004  c_p.l(libinit2.o)
    0x00000122   0x00000122   0x00000000   Code   RO         2028    .ARM.Collect$$libinit$$0000000A  c_p.l(libinit2.o)
    0x00000122   0x00000122   0x00000000   Code   RO         2030    .ARM.Collect$$libinit$$0000000C  c_p.l(libinit2.o)
    0x00000122   0x00000122   0x00000004   Code   RO         2031    .ARM.Collect$$libinit$$0000000D  c_p.l(libinit2.o)
    0x00000126   0x00000126   0x00000000   Code   RO         2032    .ARM.Collect$$libinit$$0000000E  c_p.l(libinit2.o)
    0x00000126   0x00000126   0x00000000   Code   RO         2035    .ARM.Collect$$libinit$$00000011  c_p.l(libinit2.o)
    0x00000126   0x00000126   0x00000000   Code   RO         2037    .ARM.Collect$$libinit$$00000013  c_p.l(libinit2.o)
    0x00000126   0x00000126   0x00000000   Code   RO         2039    .ARM.Collect$$libinit$$00000015  c_p.l(libinit2.o)
    0x00000126   0x00000126   0x00000000   Code   RO         2041    .ARM.Collect$$libinit$$00000017  c_p.l(libinit2.o)
    0x00000126   0x00000126   0x00000000   Code   RO         2043    .ARM.Collect$$libinit$$00000019  c_p.l(libinit2.o)
    0x00000126   0x00000126   0x00000000   Code   RO         2045    .ARM.Collect$$libinit$$0000001B  c_p.l(libinit2.o)
    0x00000126   0x00000126   0x00000000   Code   RO         2047    .ARM.Collect$$libinit$$0000001D  c_p.l(libinit2.o)
    0x00000126   0x00000126   0x00000000   Code   RO         2049    .ARM.Collect$$libinit$$0000001F  c_p.l(libinit2.o)
    0x00000126   0x00000126   0x00000000   Code   RO         2051    .ARM.Collect$$libinit$$00000021  c_p.l(libinit2.o)
    0x00000126   0x00000126   0x00000000   Code   RO         2053    .ARM.Collect$$libinit$$00000023  c_p.l(libinit2.o)
    0x00000126   0x00000126   0x00000000   Code   RO         2055    .ARM.Collect$$libinit$$00000025  c_p.l(libinit2.o)
    0x00000126   0x00000126   0x00000000   Code   RO         2059    .ARM.Collect$$libinit$$0000002C  c_p.l(libinit2.o)
    0x00000126   0x00000126   0x00000000   Code   RO         2061    .ARM.Collect$$libinit$$0000002E  c_p.l(libinit2.o)
    0x00000126   0x00000126   0x00000000   Code   RO         2063    .ARM.Collect$$libinit$$00000030  c_p.l(libinit2.o)
    0x00000126   0x00000126   0x00000000   Code   RO         2065    .ARM.Collect$$libinit$$00000032  c_p.l(libinit2.o)
    0x00000126   0x00000126   0x00000002   Code   RO         2066    .ARM.Collect$$libinit$$00000033  c_p.l(libinit2.o)
    0x00000128   0x00000128   0x00000002   Code   RO         2240    .ARM.Collect$$libshutdown$$00000000  c_p.l(libshutdown.o)
    0x0000012a   0x0000012a   0x00000000   Code   RO         2256    .ARM.Collect$$libshutdown$$00000002  c_p.l(libshutdown2.o)
    0x0000012a   0x0000012a   0x00000000   Code   RO         2258    .ARM.Collect$$libshutdown$$00000004  c_p.l(libshutdown2.o)
    0x0000012a   0x0000012a   0x00000000   Code   RO         2261    .ARM.Collect$$libshutdown$$00000007  c_p.l(libshutdown2.o)
    0x0000012a   0x0000012a   0x00000000   Code   RO         2264    .ARM.Collect$$libshutdown$$0000000A  c_p.l(libshutdown2.o)
    0x0000012a   0x0000012a   0x00000000   Code   RO         2266    .ARM.Collect$$libshutdown$$0000000C  c_p.l(libshutdown2.o)
    0x0000012a   0x0000012a   0x00000000   Code   RO         2269    .ARM.Collect$$libshutdown$$0000000F  c_p.l(libshutdown2.o)
    0x0000012a   0x0000012a   0x00000002   Code   RO         2270    .ARM.Collect$$libshutdown$$00000010  c_p.l(libshutdown2.o)
    0x0000012c   0x0000012c   0x00000000   Code   RO         2011    .ARM.Collect$$rtentry$$00000000  c_p.l(__rtentry.o)
    0x0000012c   0x0000012c   0x00000000   Code   RO         2134    .ARM.Collect$$rtentry$$00000002  c_p.l(__rtentry2.o)
    0x0000012c   0x0000012c   0x00000006   Code   RO         2146    .ARM.Collect$$rtentry$$00000004  c_p.l(__rtentry4.o)
    0x00000132   0x00000132   0x00000000   Code   RO         2136    .ARM.Collect$$rtentry$$00000009  c_p.l(__rtentry2.o)
    0x00000132   0x00000132   0x00000004   Code   RO         2137    .ARM.Collect$$rtentry$$0000000A  c_p.l(__rtentry2.o)
    0x00000136   0x00000136   0x00000000   Code   RO         2139    .ARM.Collect$$rtentry$$0000000C  c_p.l(__rtentry2.o)
    0x00000136   0x00000136   0x00000008   Code   RO         2140    .ARM.Collect$$rtentry$$0000000D  c_p.l(__rtentry2.o)
    0x0000013e   0x0000013e   0x00000002   Code   RO         2196    .ARM.Collect$$rtexit$$00000000  c_p.l(rtexit.o)
    0x00000140   0x00000140   0x00000000   Code   RO         2220    .ARM.Collect$$rtexit$$00000002  c_p.l(rtexit2.o)
    0x00000140   0x00000140   0x00000004   Code   RO         2221    .ARM.Collect$$rtexit$$00000003  c_p.l(rtexit2.o)
    0x00000144   0x00000144   0x00000006   Code   RO         2222    .ARM.Collect$$rtexit$$00000004  c_p.l(rtexit2.o)
    0x0000014a   0x0000014a   0x00000002   PAD
    0x0000014c   0x0000014c   0x00000038   Code   RO         1887    .emb_text           c_p.l(rand.o)
    0x00000184   0x00000184   0x00000040   Code   RO         1854  * .text               startup_mkl25z4.o
    0x000001c4   0x000001c4   0x0000003c   Code   RO         1888    .text               c_p.l(rand.o)
    0x00000200   0x00000200   0x000001f8   Code   RO         1900    .text               c_p.l(aeabi_sdivfast.o)
    0x000003f8   0x000003f8   0x00000006   Code   RO         1908    .text               c_p.l(heapauxi.o)
    0x000003fe   0x000003fe   0x00000002   Code   RO         2216    .text               c_p.l(use_no_semi.o)
    0x00000400   0x00000400   0x00000010   Code   RO         1853    .ARM.__at_0x400     startup_mkl25z4.o
    0x00000410   0x00000410   0x00000008   Code   RO         2163    .text               c_p.l(libspace.o)
    0x00000418   0x00000418   0x0000003e   Code   RO         2166    .text               c_p.l(sys_stackheap_outer.o)
    0x00000456   0x00000456   0x00000010   Code   RO         2169    .text               c_p.l(exit.o)
    0x00000466   0x00000466   0x00000002   PAD
    0x00000468   0x00000468   0x0000000c   Code   RO         2212    .text               c_p.l(sys_exit.o)
    0x00000474   0x00000474   0x00000000   Code   RO         2218    .text               c_p.l(indicate_semi.o)
    0x00000474   0x00000474   0x00000056   Code   RO         2273    .text               c_p.l(__dczerorl2.o)
    0x000004ca   0x000004ca   0x00000002   PAD
    0x000004cc   0x000004cc   0x0000003c   Code   RO            8    .text.ADC0_init     pacman.o
    0x00000508   0x00000508   0x00000012   Code   RO           34    .text.Delay         pacman.o
    0x0000051a   0x0000051a   0x0000001a   Code   RO            6    .text.GLCD_clear    pacman.o
    0x00000534   0x00000534   0x00000014   Code   RO           12    .text.GLCD_command_write  pacman.o
    0x00000548   0x00000548   0x00000014   Code   RO           46    .text.GLCD_data_write  pacman.o
    0x0000055c   0x0000055c   0x00000034   Code   RO            4    .text.GLCD_init     pacman.o
    0x00000590   0x00000590   0x0000001c   Code   RO           18    .text.GLCD_putchar  pacman.o
    0x000005ac   0x000005ac   0x00000016   Code   RO           14    .text.GLCD_setCursor  pacman.o
    0x000005c2   0x000005c2   0x00000002   PAD
    0x000005c4   0x000005c4   0x0000001c   Code   RO           16    .text.GLCD_writeLetter  pacman.o
    0x000005e0   0x000005e0   0x00000078   Code   RO           48    .text.SPI0_init     pacman.o
    0x00000658   0x00000658   0x00000034   Code   RO           50    .text.SPI0_write    pacman.o
    0x0000068c   0x0000068c   0x0000000c   Code   RO         1863    .text.SystemInit    system_mkl25z4.o
    0x00000698   0x00000698   0x0000004a   Code   RO           22    .text.draw_middlewall  pacman.o
    0x000006e2   0x000006e2   0x0000004a   Code   RO           20    .text.draw_middlewall2  pacman.o
    0x0000072c   0x0000072c   0x0000002c   Code   RO           32    .text.draw_pacman   pacman.o
    0x00000758   0x00000758   0x00000026   Code   RO           30    .text.draw_sagaltkenar  pacman.o
    0x0000077e   0x0000077e   0x00000026   Code   RO           28    .text.draw_sagkenar  pacman.o
    0x000007a4   0x000007a4   0x00000026   Code   RO           26    .text.draw_solaltkenar  pacman.o
    0x000007ca   0x000007ca   0x00000026   Code   RO           24    .text.draw_solkenar  pacman.o
    0x000007f0   0x000007f0   0x00000018   Code   RO           38    .text.eat_pacman    pacman.o
    0x00000808   0x00000808   0x00000106   Code   RO           40    .text.game_over_ghost  pacman.o
    0x0000090e   0x0000090e   0x00000114   Code   RO           44    .text.game_over_pacman  pacman.o
    0x00000a22   0x00000a22   0x00000002   PAD
    0x00000a24   0x00000a24   0x0000003c   Code   RO           10    .text.initialize_timer  pacman.o
    0x00000a60   0x00000a60   0x00004a18   Code   RO            2    .text.main          pacman.o
    0x00005478   0x00005478   0x00000020   Data   RO         2272    Region$$Table       anon$$obj.o


    Execution Region ER_RW (Exec base: 0x1ffff000, Load base: 0x00005498, Size: 0x00000160, Max: 0xffffffff, ABSOLUTE, COMPRESSED[0x000000ec])

    Exec Addr    Load Addr    Size         Type   Attr      Idx    E Section Name        Object

    0x1ffff000   COMPRESSED   0x00000004   Data   RW           90    .data.b11x          pacman.o
    0x1ffff004   COMPRESSED   0x00000004   Data   RW           91    .data.b11y          pacman.o
    0x1ffff008   COMPRESSED   0x00000004   Data   RW           92    .data.b12x          pacman.o
    0x1ffff00c   COMPRESSED   0x00000004   Data   RW           93    .data.b12y          pacman.o
    0x1ffff010   COMPRESSED   0x00000004   Data   RW           94    .data.b18x          pacman.o
    0x1ffff014   COMPRESSED   0x00000004   Data   RW           95    .data.b18y          pacman.o
    0x1ffff018   COMPRESSED   0x00000004   Data   RW           80    .data.b1x           pacman.o
    0x1ffff01c   COMPRESSED   0x00000004   Data   RW           81    .data.b1y           pacman.o
    0x1ffff020   COMPRESSED   0x00000004   Data   RW           96    .data.b20x          pacman.o
    0x1ffff024   COMPRESSED   0x00000004   Data   RW           97    .data.b20y          pacman.o
    0x1ffff028   COMPRESSED   0x00000004   Data   RW           98    .data.b23x          pacman.o
    0x1ffff02c   COMPRESSED   0x00000004   Data   RW          100    .data.b24x          pacman.o
    0x1ffff030   COMPRESSED   0x00000004   Data   RW          101    .data.b24y          pacman.o
    0x1ffff034   COMPRESSED   0x00000004   Data   RW          102    .data.b28x          pacman.o
    0x1ffff038   COMPRESSED   0x00000004   Data   RW          103    .data.b28y          pacman.o
    0x1ffff03c   COMPRESSED   0x00000004   Data   RW          104    .data.b29x          pacman.o
    0x1ffff040   COMPRESSED   0x00000004   Data   RW          106    .data.b30x          pacman.o
    0x1ffff044   COMPRESSED   0x00000004   Data   RW          107    .data.b30y          pacman.o
    0x1ffff048   COMPRESSED   0x00000004   Data   RW          108    .data.b32x          pacman.o
    0x1ffff04c   COMPRESSED   0x00000004   Data   RW          109    .data.b32y          pacman.o
    0x1ffff050   COMPRESSED   0x00000004   Data   RW          110    .data.b34x          pacman.o
    0x1ffff054   COMPRESSED   0x00000004   Data   RW          111    .data.b34y          pacman.o
    0x1ffff058   COMPRESSED   0x00000004   Data   RW           82    .data.b3x           pacman.o
    0x1ffff05c   COMPRESSED   0x00000004   Data   RW           83    .data.b3y           pacman.o
    0x1ffff060   COMPRESSED   0x00000004   Data   RW           84    .data.b5x           pacman.o
    0x1ffff064   COMPRESSED   0x00000004   Data   RW           85    .data.b5y           pacman.o
    0x1ffff068   COMPRESSED   0x00000004   Data   RW           86    .data.b7x           pacman.o
    0x1ffff06c   COMPRESSED   0x00000004   Data   RW           87    .data.b7y           pacman.o
    0x1ffff070   COMPRESSED   0x00000004   Data   RW           88    .data.b9x           pacman.o
    0x1ffff074   COMPRESSED   0x00000004   Data   RW           89    .data.b9y           pacman.o
    0x1ffff078   COMPRESSED   0x00000004   Data   RW           75    .data.foodamount    pacman.o
    0x1ffff07c   COMPRESSED   0x00000058   Data   RW          113    .data.game_table    pacman.o
    0x1ffff0d4   COMPRESSED   0x00000078   Data   RW          112    .data.letters       pacman.o
    0x1ffff14c   COMPRESSED   0x00000004   Data   RW           70    .data.msTime        pacman.o
    0x1ffff150   COMPRESSED   0x00000004   Data   RW           71    .data.x             pacman.o
    0x1ffff154   COMPRESSED   0x00000004   Data   RW           76    .data.x2            pacman.o
    0x1ffff158   COMPRESSED   0x00000004   Data   RW           72    .data.y             pacman.o
    0x1ffff15c   COMPRESSED   0x00000004   Data   RW           77    .data.y2            pacman.o


    Execution Region ER_ZI (Exec base: 0x1ffff160, Load base: 0x00005584, Size: 0x00000270, Max: 0xffffffff, ABSOLUTE)

    Exec Addr    Load Addr    Size         Type   Attr      Idx    E Section Name        Object

    0x1ffff160        -       0x000000e4   Zero   RW         1889    .bss                c_p.l(rand.o)
    0x1ffff244        -       0x00000060   Zero   RW         2164    .bss                c_p.l(libspace.o)
    0x1ffff2a4        -       0x00000004   Zero   RW           99    .bss.b23y           pacman.o
    0x1ffff2a8        -       0x00000004   Zero   RW          105    .bss.b29y           pacman.o
    0x1ffff2ac        -       0x00000004   Zero   RW          114    .bss.food1x         pacman.o
    0x1ffff2b0        -       0x00000004   Zero   RW          115    .bss.food1y         pacman.o
    0x1ffff2b4        -       0x00000004   Zero   RW          116    .bss.food2x         pacman.o
    0x1ffff2b8        -       0x00000004   Zero   RW          117    .bss.food2y         pacman.o
    0x1ffff2bc        -       0x00000004   Zero   RW           73    .bss.xold           pacman.o
    0x1ffff2c0        -       0x00000004   Zero   RW           78    .bss.xold2          pacman.o
    0x1ffff2c4        -       0x00000004   Zero   RW           74    .bss.yold           pacman.o
    0x1ffff2c8        -       0x00000004   Zero   RW           79    .bss.yold2          pacman.o
    0x1ffff2cc   0x00005584   0x00000004   PAD
    0x1ffff2d0        -       0x00000000   Zero   RW         1851    HEAP                startup_mkl25z4.o
    0x1ffff2d0        -       0x00000100   Zero   RW         1850    STACK               startup_mkl25z4.o


==============================================================================

Image component sizes


      Code (inc. data)   RO Data    RW Data    ZI Data      Debug   Object Name

     20380       1404          0        352         40      18265   pacman.o
        80         44        192          0        256        896   startup_mkl25z4.o
        12          4          0          0          0       2544   system_mkl25z4.o

    ----------------------------------------------------------------------
     20476       1452        224        352        300      21705   Object Totals
         0          0         32          0          0          0   (incl. Generated)
         4          0          0          0          4          0   (incl. Padding)

    ----------------------------------------------------------------------

      Code (inc. data)   RO Data    RW Data    ZI Data      Debug   Library Member Name

        86          0          0          0          0          0   __dczerorl2.o
         8          0          0          0          0         68   __main.o
         0          0          0          0          0          0   __rtentry.o
        12          0          0          0          0          0   __rtentry2.o
         6          0          0          0          0          0   __rtentry4.o
        60          8          0          0          0          0   __scatter.o
        28          0          0          0          0          0   __scatter_zi.o
       504          4          0          0          0         92   aeabi_sdivfast.o
        16          0          0          0          0         68   exit.o
         6          0          0          0          0        136   heapauxi.o
         0          0          0          0          0          0   indicate_semi.o
         2          0          0          0          0          0   libinit.o
         6          0          0          0          0          0   libinit2.o
         2          0          0          0          0          0   libshutdown.o
         2          0          0          0          0          0   libshutdown2.o
         8          4          0          0         96         68   libspace.o
       116         16          0          0        228        156   rand.o
         2          0          0          0          0          0   rtexit.o
        10          0          0          0          0          0   rtexit2.o
        12          4          0          0          0         60   sys_exit.o
        62          0          0          0          0         80   sys_stackheap_outer.o
         2          0          0          0          0         68   use_no_semi.o

    ----------------------------------------------------------------------
       956         36          0          0        324        796   Library Totals
         6          0          0          0          0          0   (incl. Padding)

    ----------------------------------------------------------------------

      Code (inc. data)   RO Data    RW Data    ZI Data      Debug   Library Name

       950         36          0          0        324        796   c_p.l

    ----------------------------------------------------------------------
       956         36          0          0        324        796   Library Totals

    ----------------------------------------------------------------------

==============================================================================


      Code (inc. data)   RO Data    RW Data    ZI Data      Debug   

     21432       1488        224        352        624      22245   Grand Totals
     21432       1488        224        236        624      22245   ELF Image Totals (compressed)
     21432       1488        224        236          0          0   ROM Totals

==============================================================================

    Total RO  Size (Code + RO Data)                21656 (  21.15kB)
    Total RW  Size (RW Data + ZI Data)               976 (   0.95kB)
    Total ROM Size (Code + RO Data + RW Data)      21892 (  21.38kB)

==============================================================================

